12-16 04:18:58.279  1701  1701 D SurfaceFlinger:        DEVICE |           17188459126038 | 00002100 | RGBA_8888    |    0.0    0.0 1409.0 2011.0 |   15 1077 1424 3088 | com.android.systemui/com.android.sys[...].LogAccessDialogActivity$_4002#21464 (1)
12-16 04:18:58.279  1701  1701 D SurfaceFlinger:        DEVICE |           17188459124892 | 00002100 | RGBA_8888    |    0.0    0.0 1440.0  100.0 |    0    0 1440  100 | StatusBar$_4002#108 (23386)
12-16 04:18:58.279  1701  1701 D SurfaceFlinger:        DEVICE |           18421114736498 | 00002100 | RGBA_8888    |    0.0    0.0   67.
12-16 04:18:58.279  1701  1701 D SurfaceFlinger: 0  566.0 | 1373  522 1440 1088 | com.sec.android.app.launcher/com.sam[...]l.app.CocktailBarService$_4289#21363 (1)
12-16 04:18:58.279  1701  1701 D SurfaceFlinger:        DEVICE |           18421114735812 | 00002100 | RGBA_8888    |    0.0    0.0 1440.0   69.0 |    0 3019 1440 3088 | SGestureOverlayWindow$_4289#16137 (7)
12-16 04:18:58.279  1701  1701 D SurfaceFlinger:        DEVICE |           17188459124886 | 00002100 | RGBA_8888    |    0.0    0.0 1440.0  164.0 |    0 2924 1440 3088 | NavigationBar0$_4002#104 (1262)
12-16 04:18:58.279  1701  1701 D SurfaceFlinger: 
12-16 04:18:58.279  2486  2570 D SurfaceComposerClient: setCornerRadius ## 29b8588 com.android.systemui/com.android.systemui.logcat.LogAccessDialogActivity#21463 cornerRadius=0.000000
12-16 04:18:58.280  2486  2570 D SurfaceComposerClient: setCornerRadius ## 78f597c com.termux/com.termux.app.TermuxActivity#16899 cornerRadius=0.000000
12-16 04:18:58.280  2486  5130 D LiftUpHandler: [LTW] Stopped already.
12-16 04:18:58.280  1648 15748 D AudioFlinger: setParameters: filtered dev setParameters keyvalue screen_state=on
12-16 04:18:58.281  2486  3599 V WindowManager: Finish Transition: TransitionRecord{ce3482d id=1281 type=OPEN flags=0x0 c=[
12-16 04:18:58.281  2486  3599 V WindowManager:    ChangeInfo{6639b4f container=ActivityRecord{14153815 u0 com.android.systemui/.logcat.LogAccessDialogActivity t14234} flags=0x0}
12-16 04:18:58.281  2486  3599 V WindowManager:    ChangeInfo{fd562dc container=Display{#0 state=ON size=1440x3088 ROTATION_0} flags=0x0}
12-16 04:18:58.281  2486  3599 V WindowManager:    ChangeInfo{4224fe5 container=Task{c91a162 #14234 type=standard A=10039:com.android.systemui} flags=0x10}
12-16 04:18:58.281  2486  3599 V WindowManager:    ChangeInfo{711faba container=DefaultTaskDisplayArea_d0@267959883 flags=0x0}
12-16 04:18:58.281  2486  3599 V WindowManager: ]
12-16 04:18:58.281  2486  3599 V WindowManager: }, caller=com.android.server.wm.WindowOrganizerController.finishTransitionInner:31 com.android.server.wm.WindowOrganizerController.finishAllTransitions:60 android.window.IWindowOrganizerController$Stub.onTransact:283 
12-16 04:18:58.281  1519  1519 D AHAL: AudioDevice: SetParameters: 1634: enter
12-16 04:18:58.281  1519  1519 D AHAL: AudioVoice: VoiceSetParameters: 168: Enter
12-16 04:18:58.281  1519  1519 D AHAL: AudioVoice: VoiceSetParameters: 412: Exit ret: 0
12-16 04:18:58.281  1519  1519 D AHAL: SecAudioDevice: SecSetParameters: 281: Enter
12-16 04:18:58.281  1519  1519 E AHAL: AudioDevice: SetParameters: 1645: Error in SecSetParameters -2
12-16 04:18:58.281  1519  1519 D AHAL: factory: FactorySetParameters: 58: Enter
12-16 04:18:58.281  1519  1519 D AHAL: Effect: EffectSetParameters: 245: Enter
12-16 04:18:58.281  1519  1519 D AHAL: Effect: EffectSetParameters: 285: Exit
12-16 04:18:58.281  2486  2566 V WindowManager: Finish Transition (#1281): created at 12-16 04:18:58.000 collect-started=0.953ms request-sent=28.855ms started=49.032ms ready=78.658ms sent=209.858ms commit=19.456ms finished=280.433ms
12-16 04:18:58.281  1519  1519 D AHAL: AudioDevice: SetParameters: 1692:  - screen = on
12-16 04:18:58.281  1519  1519 I PAL: ResourceManager: setParameter: 8093: Screen State:1
12-16 04:18:58.281  1519  1519 D AHAL: AudioDevice: SetParameters: 2332: exit: screen_state=on
12-16 04:18:58.281  2486  2486 D SGM:GameManager: onDisplayChanged. displyId: 0, state: 2
12-16 04:18:58.281  2486  2486 D SGM:GameManager: dpi: 548, longPixel: 3088, shortPixel: 1440
12-16 04:18:58.281  2486  3599 D PersonaActivityHelper: token.toString()  Token{9593a29 ActivityRecord{14153815 u0 com.android.systemui/.logcat.LogAccessDialogActivity t14234}}
12-16 04:18:58.281  2486  3599 D PersonaActivityHelper: mLastResumedSFActivity getPackageName  com.android.settings
12-16 04:18:58.281  2486  3599 D PersonaActivityHelper: mLastResumedSFActivity getShortClassName  .applications.InstalledAppDetails
12-16 04:18:58.282  2486  2486 D AODManagerService: requestReCalToTSP IsSingleTouchMode = falserequestedReCalToTSP = false / previousDisplayState = ON
12-16 04:18:58.282  1519  1519 I Audio_a2dpsink_hw: adev_set_parameters: kevpairs=[screen_state=on]
12-16 04:18:58.282  2486  3037 D SGM:FgCheckThread: onLooperPrepared(), msg: MSG_LCD_ON
12-16 04:18:58.282  2486  3599 D ChangeTransitionController: onTransitionFinished: TransitionRecord{ce3482d id=1281 type=OPEN flags=0x0 c=[
12-16 04:18:58.282  2486  3599 D ChangeTransitionController:    ChangeInfo{6639b4f container=ActivityRecord{14153815 u0 com.android.systemui/.logcat.LogAccessDialogActivity t14234} flags=0x0}
12-16 04:18:58.282  2486  3599 D ChangeTransitionController:    ChangeInfo{fd562dc container=Display{#0 state=ON size=1440x3088 ROTATION_0} flags=0x0}
12-16 04:18:58.282  2486  3599 D ChangeTransitionController:    ChangeInfo{4224fe5 container=Task{c91a162 #14234 type=standard A=10039:com.android.systemui} flags=0x10}
12-16 04:18:58.282  2486  3599 D ChangeTransitionController:    ChangeInfo{711faba container=DefaultTaskDisplayArea_d0@267959883 flags=0x0}
12-16 04:18:58.282  2486  3599 D ChangeTransitionController: ]
12-16 04:18:58.282  2486  3599 D ChangeTransitionController: }
12-16 04:18:58.283  2486  3123 D AS.DesktopModeHelper: onDisplayChanged: #Id=0
12-16 04:18:58.283  4002  4074 V WindowManagerShell: Track 0 became idle
12-16 04:18:58.283  4002  4074 V WindowManagerShell: All active transition animations finished
12-16 04:18:58.289  1701  1701 I SurfaceFlinger: [LayerHierarchy{RequestedLayerState{Task=14234#21458 parentId=10 z=25} 1 children}] reparent to LayerHierarchy{RequestedLayerState{DefaultTaskDisplayArea_d0#10 parentId=9} 31 children}
12-16 04:18:58.289  2486  2571 D SurfaceComposerClient: [SEC_SF_EFFECTS] setBackgroundBlurRadius ## Dim Layer for - Task=14234#21469 backgroundBlurRadius=0
12-16 04:18:58.289  1701  1701 I SurfaceFlinger: [LayerHierarchy{RequestedLayerState{Transition Root: Task=14234#21467 z=25} no children}] reparent to OffscreenRoot
12-16 04:18:58.289  1701  1701 I SurfaceFlinger: [LayerHierarchy{RequestedLayerState{Transition Root: Task=14234#21467 z=25} no children}] RelativeParent to null
12-16 04:18:58.291  1701  1701 I SurfaceFlinger: id=21467 Removed Transition Root: Task=14234#21467 (266)
12-16 04:18:58.306  1701  1701 I SurfaceFlinger: destroyed Transition Root: Task=14234#21467 form LifecycleManager
12-16 04:18:58.306  2486  2571 D SurfaceComposerClient: [SEC_SF_EFFECTS] setBackgroundBlurRadius ## Dim Layer for - Task=14234#21469 backgroundBlurRadius=0
12-16 04:18:58.306  1701  1701 I SurfaceFlinger: id=21467 onLayerDestroyed from LayerHierarchyBuilder(RequestedLayerState{Transition Root: Task=14234#21467 !handle z=25})
12-16 04:18:58.308  1701  1701 I Layer   : id=21467 Destroyed Transition Root: Task=14234#21467
12-16 04:18:58.322  2486  2571 D SurfaceComposerClient: [SEC_SF_EFFECTS] setBackgroundBlurRadius ## Dim Layer for - Task=14234#21469 backgroundBlurRadius=0
12-16 04:18:58.330  1701  1887 I CompositionEngine: [setDisplaySize] size=(571, 51)
12-16 04:18:58.339  2486  2571 D SurfaceComposerClient: [SEC_SF_EFFECTS] setBackgroundBlurRadius ## Dim Layer for - Task=14234#21469 backgroundBlurRadius=0
12-16 04:18:58.355  2486  2571 D SurfaceComposerClient: [SEC_SF_EFFECTS] setBackgroundBlurRadius ## Dim Layer for - Task=14234#21469 backgroundBlurRadius=0
12-16 04:18:58.372  2486  2571 D SurfaceComposerClient: [SEC_SF_EFFECTS] setBackgroundBlurRadius ## Dim Layer for - Task=14234#21469 backgroundBlurRadius=0
12-16 04:18:58.373  2486  2570 I WindowManager: Reparenting to original parent: Surface(name=ActivityRecord{14153815 u0 com.android.systemui/.logcat.LogAccessDialogActivity t14234})/@0xc92d3cc, destroy=true, surface=Surface(name=9d9a4c5 com.android.systemui/com.android.systemui.logcat.LogAccessDialogActivity)/@0x13d79ff
12-16 04:18:58.374  2486  3599 W BitmapFactory: Null Options, creating a new one.
12-16 04:18:58.374  2486  2570 D SurfaceComposerClient: setCornerRadius ## 29b8588 com.android.systemui/com.android.systemui.logcat.LogAccessDialogActivity#21463 cornerRadius=0.000000
12-16 04:18:58.374  2486  2570 D SurfaceComposerClient: setCornerRadius ## 78f597c com.termux/com.termux.app.TermuxActivity#16899 cornerRadius=0.000000
12-16 04:18:58.375  2486  3599 I Kumiho-Kumiho: getPackageName: app.autocat.debug
12-16 04:18:58.377  2486  3599 I Kumiho-Kumiho: getPackageName: app.autocat.debug
12-16 04:18:58.377  2486  3599 I AppIconSolution: getThemeIconWithBG called with public API, pkg = null, mode = 528
12-16 04:18:58.377  2486  3599 I AppIconSolution: Just return a stored icon at ArchiveState, pkg = null
12-16 04:18:58.393  2486  2571 D SurfaceComposerClient: [SEC_SF_EFFECTS] setBackgroundBlurRadius ## Dim Layer for - Task=14234#21469 backgroundBlurRadius=0
12-16 04:18:58.394  2486  2570 D SurfaceComposerClient: setCornerRadius ## 29b8588 com.android.systemui/com.android.systemui.logcat.LogAccessDialogActivity#21463 cornerRadius=0.000000
12-16 04:18:58.394  2486  2570 D SurfaceComposerClient: setCornerRadius ## 78f597c com.termux/com.termux.app.TermuxActivity#16899 cornerRadius=0.000000
12-16 04:18:58.395  2486  2570 D SurfaceComposerClient: [SEC_SF_EFFECTS] setBackgroundBlurRadius ## Dim Layer for - Task=14234#21469 backgroundBlurRadius=0
12-16 04:18:58.396 11099 11408 I SGPController: onForegroundAppChanged() update=true, cn=ComponentInfo{com.android.systemui/com.android.systemui.logcat.LogAccessDialogActivity}
12-16 04:18:58.405  1701  1701 I SurfaceFlinger: [Display 0 name="Built-in Screen"#49] setFrameRateCategory: Default
12-16 04:18:58.405  1701  1701 I SurfaceFlinger: [LayerHierarchy{RequestedLayerState{9d9a4c5 com.android.systemui/com.android.systemui.logcat.LogAccessDialogActivity#21460 parentId=21459 z=1} 2 children}] reparent to LayerHierarchy{RequestedLayerState{ActivityRecord{14153815 u0 com.android.systemui/.logcat.LogAccessDialogActivity t14234}#21459 parentId=21458} 4 children}
12-16 04:18:58.405  1701  1701 I SurfaceFlinger: [LayerHierarchy{RequestedLayerState{Surface(name=9d9a4c5 com.android.systemui/com.android.systemui.logcat.LogAccessDialogActivity)/@0x13d79ff - animation-leash of window_animation#21466 z=1} no children}] reparent to OffscreenRoot
12-16 04:18:58.405  1701  1701 I SurfaceFlinger: [LayerHierarchy{RequestedLayerState{Surface(name=9d9a4c5 com.android.systemui/com.android.systemui.logcat.LogAccessDialogActivity)/@0x13d79ff - animation-leash of window_animation#21466 z=1} no children}] RelativeParent to null
12-16 04:18:58.407  1701  1701 I SurfaceFlinger: id=21466 Removed Surface(name=9d9a4c5 com.android.systemui/com.android.systemui.logcat.LogAccessDialogActivity)/@0x13d79ff - animation-leash of window_animation#21466 (265)
12-16 04:18:58.410  2486  2569 I DisplayDeviceRepository: Display device changed render timings: "Built-in Screen", renderFrameRate=60.000004, presentationDeadlineNanos=17666666, appVsyncOffsetNanos=16666666, frameRateOverrides=[]
12-16 04:18:58.411  2486  2486 D SGM:GameManager: onDisplayChanged. displyId: 0, state: 2
12-16 04:18:58.412  2486  3037 D SGM:FgCheckThread: onLooperPrepared(), msg: MSG_LCD_ON
12-16 04:18:58.412  2486  2486 D SGM:GameManager: dpi: 548, longPixel: 3088, shortPixel: 1440
12-16 04:18:58.413  1648 15748 D AudioFlinger: setParameters: filtered dev setParameters keyvalue screen_state=on
12-16 04:18:58.413  1519  1519 D AHAL: AudioDevice: SetParameters: 1634: enter
12-16 04:18:58.413  1519  1519 D AHAL: AudioVoice: VoiceSetParameters: 168: Enter
12-16 04:18:58.413  1519  1519 D AHAL: AudioVoice: VoiceSetParameters: 412: Exit ret: 0
12-16 04:18:58.413  1519  1519 D AHAL: SecAudioDevice: SecSetParameters: 281: Enter
12-16 04:18:58.413  1519  1519 E AHAL: AudioDevice: SetParameters: 1645: Error in SecSetParameters -2
12-16 04:18:58.413  1519  1519 D AHAL: factory: FactorySetParameters: 58: Enter
12-16 04:18:58.413  1519  1519 D AHAL: Effect: EffectSetParameters: 245: Enter
12-16 04:18:58.413  2486  5130 D LiftUpHandler: [LTW] Stopped already.
12-16 04:18:58.413  1519  1519 D AHAL: Effect: EffectSetParameters: 285: Exit
12-16 04:18:58.413  1519  1519 D AHAL: AudioDevice: SetParameters: 1692:  - screen = on
12-16 04:18:58.413  1519  1519 I PAL: ResourceManager: setParameter: 8093: Screen State:1
12-16 04:18:58.413  1519  1519 D AHAL: AudioDevice: SetParameters: 2332: exit: screen_state=on
12-16 04:18:58.414  2486  2570 D SurfaceComposerClient: setCornerRadius ## 29b8588 com.android.systemui/com.android.systemui.logcat.LogAccessDialogActivity#21463 cornerRadius=0.000000
12-16 04:18:58.414  2486  2570 D SurfaceComposerClient: setCornerRadius ## 78f597c com.termux/com.termux.app.TermuxActivity#16899 cornerRadius=0.000000
12-16 04:18:58.415  4002  4002 D DisplayLifecycle: updateDisplay id = 0
12-16 04:18:58.415  2486  2486 D AODManagerService: requestReCalToTSP IsSingleTouchMode = falserequestedReCalToTSP = false / previousDisplayState = ON
12-16 04:18:58.415  4002  4105 D StackScroller: onDisplayChanged for predraw skip to 2
12-16 04:18:58.415  2486  3599 D WifiDisplayAdapter: isFitToActiveDisplayLocked : false
12-16 04:18:58.416  1519  1519 I Audio_a2dpsink_hw: adev_set_parameters: kevpairs=[screen_state=on]
12-16 04:18:58.417  2486  3123 D AS.DesktopModeHelper: onDisplayChanged: #Id=0
12-16 04:18:58.422  1701  1701 I SurfaceFlinger: destroyed Surface(name=9d9a4c5 com.android.systemui/com.android.systemui.logcat.LogAccessDialogActivity)/@0x13d79ff - animation-leash of window_animation#21466 form LifecycleManager
12-16 04:18:58.422  1701  1701 I SurfaceFlinger: id=21466 onLayerDestroyed from LayerHierarchyBuilder(RequestedLayerState{Surface(name=9d9a4c5 com.android.systemui/com.android.systemui.logcat.LogAccessDialogActivity)/@0x13d79ff - animation-leash of window_animation#21466 !handle z=1})
12-16 04:18:58.425  1701  1701 I Layer   : id=21466 Destroyed Surface(name=9d9a4c5 com.android.systemui/com.android.systemui.logcat.LogAccessDialogActivity)/@0x13d79ff - animation-leash of window_animation#21466
12-16 04:18:58.430  1701  1887 I CompositionEngine: [setDisplaySize] size=(571, 51)
12-16 04:18:58.433  2486  3555 I ActivityManager: Changes in 11903 11 to 19, 128 to 0
12-16 04:18:58.436  4289  4289 I HoneySpace.EdgePanel.EdgeVisibilityRepository: getComputedTrayVisible : keyguardState = 1
12-16 04:18:58.436  4289  4289 I HoneySpace.EdgePanel.EdgeVisibilityRepository: updateTrayVisible: State = 0x1, visible = true, current containerState = 0, specificMode = 0
12-16 04:18:58.436  4289  4289 I HoneySpace.EdgePanel.EdgeVisibilityRepository: Same container state 0
12-16 04:18:58.437  2486  2575 I ActivityManager: Changes in 11903 19 to 11, 0 to 128
12-16 04:18:58.438 21343 32351 V BinderSender: Uid 11903 already starts
12-16 04:18:58.497  2486  5098 W BitmapFactory: Null Options, creating a new one.
12-16 04:18:58.498  2486  5098 I Kumiho-Kumiho: getPackageName: app.autocat.debug
12-16 04:18:58.501  2486  5098 I Kumiho-Kumiho: getPackageName: app.autocat.debug
12-16 04:18:58.501  2486  5098 I AppIconSolution: getThemeIconWithBG called with public API, pkg = null, mode = 528
12-16 04:18:58.501  2486  5098 I AppIconSolution: Just return a stored icon at ArchiveState, pkg = null
12-16 04:18:58.505  1559 15079 I HYPER-HAL: [RequestManager.cpp]releaseLocked(): Released ID : 3146308
12-16 04:18:58.531  1701  1887 I CompositionEngine: [setDisplaySize] size=(571, 51)
12-16 04:18:58.623  2486 15083 D SemInputDeviceManager: setProperty: (0) CMD,GRIP_DATA,1,60,10,32,926,32,3088
12-16 04:18:58.623  2486 15083 D TspStateManager: wrote command: cmd=1,60,10,32,926,32,3088, type=1
12-16 04:18:58.623  2486  3026 D SemInputDevice:TSP: SetPropertyTask: CMD,set_grip_data,1,60,10,32,926,32,3088 [12-16 04:18:58.623]
12-16 04:18:58.628  1614  1614 I sysinput:Touch: writeInformation:249, OK
12-16 04:18:58.629  2486  3026 D SysinputHAL_V1_3(V1_2): runTspCmdNoRead(TSP(1)): set_grip_data,1,60,10,32,926,32,3088 ret=0
12-16 04:18:58.631  1701  1887 I CompositionEngine: [setDisplaySize] size=(571, 51)
12-16 04:18:58.693  2486  2486 W AccessibilityManagerService:  wait for adding window timeout: 2334
12-16 04:18:58.731  1701  1887 I CompositionEngine: [setDisplaySize] size=(571, 51)
12-16 04:18:58.784  2486  5099 W BitmapFactory: Null Options, creating a new one.
12-16 04:18:58.785  2486  5099 I Kumiho-Kumiho: getPackageName: app.autocat.debug
12-16 04:18:58.790  2486  5099 I Kumiho-Kumiho: getPackageName: app.autocat.debug
12-16 04:18:58.790  2486  5099 I AppIconSolution: getThemeIconWithBG called with public API, pkg = null, mode = 528
12-16 04:18:58.791  2486  5099 I AppIconSolution: Just return a stored icon at ArchiveState, pkg = null
12-16 04:18:58.807  2486  3076 D WifiStaIfaceHidlImpl: getCachedScanData is not implemented by HIDL
12-16 04:18:58.832  1701  1887 I CompositionEngine: [setDisplaySize] size=(571, 51)
12-16 04:18:58.839  2486  3003 D SEP_UNION_SemDeviceInfoManagerService: onReceive : android.net.wifi.RSSI_CHANGED, userId = 0 
12-16 04:18:58.839  3415  3415 I EPDG -- SIM1 [SMARTWIFI]: isProfiling, hash=12133692, started=true
12-16 04:18:58.840  2486  5394 D SemWifiUsabilityStatsMonitor: onWifiUsabilityStats - seqNum 8451, isSameBssidAndFreq true
12-16 04:18:58.840  3415  3415 I EPDG -- SIM1 [SMARTWIFI]: isProfiling, hash=12133692, started=true
12-16 04:18:58.841  2486  3185 I SemWifiLinkQualityMonitor: Link stat: 2147 / 32 / 1.00 (25) / 260 / -57.0 || 100.0 : 260.00 / 0.5 : 1.00 / 0.55 : 0.01 / G (G) || 862620395240: 0.104 / 77.028 / N || A N / 0 0 / N 2.0 / N X 0 / 27177140 0 || Invalid
12-16 04:18:58.842  2486  3003 D ActivityManager: Received BROADCAST intent 0x4adfadd Key{broadcastIntent pkg=com.samsung.android.app.routines intent=act=wifi_rssi_v3 flg=0x10000000 xflg=0x4 cmp=com.samsung.android.app.routines/.preloadproviders.receiver.SepUnionReceiver flags=0x2000000 u=0} requestCode=0 sent=0 from uid 1000
12-16 04:18:58.842  2486  3003 D SEP_UNION_SemDeviceInfoManagerService: Send intent wifi_rssi_v3, userId: 0 by broadcast 
12-16 04:18:58.842  3415  3415 I EPDG -- SIM1 [SMARTWIFI]: Rssi : -57 highrange : -75 lowrange : -80 mIsRssiInHystersis : false
12-16 04:18:58.842  3415  3415 I EPDG -- SIM1 [SMARTWIFI]: Rssi : -57 highrange : -75 lowrange : -80 mIsRssiInHystersis : false
12-16 04:18:58.842  3415  3415 I EPDG -- SIM1 [SMARTWIFI]: isL2WHandoverProfilingRunning: returning: false
12-16 04:18:58.842  3415  3415 I EPDG -- SIM1 [SMARTWIFI]: No need to send L2WHandoverProfiling runnable
12-16 04:18:58.842  3415  3415 I EPDG -- SIM1 [SMARTWIFI]: getHandoverThresholdMet: value is: false
12-16 04:18:58.844  7950  7950 I Routine@Core[4.9.04.13]: SepUnionReceiver: onReceive: Intent { act=wifi_rssi_v3 flg=0x10000010 xflg=0x4 cmp=com.samsung.android.app.routines/.preloadproviders.receiver.SepUnionReceiver (has extras) }
12-16 04:18:58.845  7950  8253 I Routine@Core[4.9.04.13]: SepUnionReceiver: onReceiveInternal
12-16 04:18:58.845  7950  8253 I Routine@Core[4.9.04.13]: SepUnionIntentTagHandler: handleIntent - wifi_rssi_v3
12-16 04:18:58.845  7950  8253 I Routine@Core[4.9.04.13]: Pref: putSharedPrefsData: key=pref_key_wifi_rssi, data.size=3
12-16 04:18:58.848  2486  3003 D SEP_UNION_SemDeviceInfoManagerService: UnionContentObserver onChange u0: content://com.samsung.android.app.routines.provider.routines.v3/wifi_rssi_v3 
12-16 04:18:58.848  2486  3003 D SEP_UNION_SemDeviceInfoManagerService: Uri matches exactly. Reporting changes... 
12-16 04:18:58.849  7950  8253 I Routine@Core[4.9.04.13]: SepUnionReceiver: onReceiveInternal: - finished Intent { act=wifi_rssi_v3 flg=0x10000010 xflg=0x4 cmp=com.samsung.android.app.routines/.preloadproviders.receiver.SepUnionReceiver (has extras) }
12-16 04:18:58.850  2486  3003 D ActivityManager: Received SERVICE intent 0xd29f04c Key{startService pkg=com.samsung.android.app.routines intent=act=com.samsung.android.app.routines.ACTION_CONDITION_STATE_CHANGED xflg=0x4 cmp=com.samsung.android.app.routines/.engine.service.RoutineEngineService flags=0x2000000 u=0} requestCode=95 from uid 1000
12-16 04:18:58.850  2486  3003 D SEP_UNION_SemDeviceInfoManagerService: Send intent: com.samsung.android.app.routines.ACTION_CONDITION_STATE_CHANGED, userId: 0 by uri change 
12-16 04:18:58.850  7950  7950 I Routine@Core[4.9.04.13]: RoutineEngineService: onCreate
12-16 04:18:58.851  7950  7950 I Routine@Core[4.9.04.13]: RoutineEngineService: onConditionStateChanged: packageName=com.samsung.android.app.routines, tag=wifi_rssi_v3
12-16 04:18:58.851  7950 13292 I Routine@Core[4.9.04.13]: ProcessUtils: setProcessImportant: needForeground=true, reason=ENGINE_COORDINATOR
12-16 04:18:58.851  7950 13292 I Routine@Core[4.9.04.13]: ProcessUtils: setProcessImportant: skip... still in use with important reason=PRELOAD_CONDITION_SERVICE
12-16 04:18:58.851  7950 13292 I Routine@Core[4.9.04.13]: COORD/CoordinatorRequestHandler: onCallReceive: method=condition_state_changed
12-16 04:18:58.851  7950 13292 I Routine@Core[4.9.04.13]: COORD/CoordinatorRequestHandler: onCallReceive: wait until notify... method=condition_state_changed
12-16 04:18:58.851  7950 11295 I Routine@Core[4.9.04.13]: COORD/CoordinatorRequestHandler: messageHandler.handleMessage: message=CONDITION_STATE_CHANGED
12-16 04:18:58.858  7950  8253 I Routine@Core[4.9.04.13]: ConditionStateChanged: execute: packageName=com.samsung.android.app.routines, tag=wifi_rssi_v3, size=1
12-16 04:18:58.858  7950  8253 I Routine@Core[4.9.04.13]: COORD/BasicConditionController: evaluateTriggerStatus: conditions.size=1
12-16 04:18:58.858  7950  8253 I Routine@Core[4.9.04.13]: COORD/BasicConditionController: evaluateTriggerStatus: condition=RoutineCondition(meta=ConditionMeta(id=95, tag=wifi_rssi_v3, packageName=com.samsung.android.app.routines, componentName=null, componentType=v3, labelResourceId=2131889416, subLabelResourceId=-1, enabledLabelResourceId=0, negativeEnabledLabelResourceId=0, _isSupportNegative=0, descriptionResourceId=0, iconResourceId=2131231612, configActivity=com.samsung.android.app.routines/.preloadproviders.network.wifi.conditions.WifiRssiLevelConfigActivity, category=null, defaultParameter=null, defaultParameterLabel=null, uri=null, correctParam=null, parameterSpecSet=null, supportState=1, attributes=, version=1, defaultLabel=Wi-Fi strength), _instance=ConditionInstance(id=211, uuid=8462440030035789313, routineId=155, parameterRepresentation=1 bar or less, param={"wifi_level":"{\"TYPE\":\"STRING\",\"VALUE\":\"1\"}"}, isNegative=-1, timestamp=1765589074520, validState=1, extra=, _triggerStatus=0))
12-16 04:18:58.861  7950  8253 I Routine@Core[4.9.04.13]: TASKD/ConditionTaskAdapterFactoryImpl: getAdapter - metaId=wifi_rssi_v3(id=95)
12-16 04:18:58.862  7950  8253 I Routine@Sdk[3.1.20]: ParameterValues: fromJsonString: jsonString={"TYPE":"STRING","VALUE":"1"}
12-16 04:18:58.862  7950  8253 I Routine@Core[4.9.04.13]: WifiRssiLevelConditionHandler: checkValidity - tag(wifi_rssi_v3)
12-16 04:18:58.863  7950  8253 E Routine@Core[4.9.04.13]: ResultCode.FailCustomCode: fromValidState: failed to parse. validState=0x1
12-16 04:18:58.863  7950  8253 I Routine@Core[4.9.04.13]: TASKD/ConditionTaskAdapterFactoryImpl: getAdapter - metaId=wifi_rssi_v3(id=95)
12-16 04:18:58.864  7950  8253 I Routine@Sdk[3.1.20]: ParameterValues: fromJsonString: jsonString={"TYPE":"STRING","VALUE":"1"}
12-16 04:18:58.864  7950  8253 I Routine@Core[4.9.04.13]: WifiRssiLevelConditionHandler: isSatisfied - tag(wifi_rssi_v3)
12-16 04:18:58.864  7950  8253 I Routine@Core[4.9.04.13]: NumberUtils: parseInteger: error 
12-16 04:18:58.865  7950  8253 I Routine@Core[4.9.04.13]: WifiRssiLevelConditionHandler: getSatisfiedStatus, level=4, operatorValue=1, paramValue=1, result=false
12-16 04:18:58.865  7950  8253 I Routine@Core[4.9.04.13]: COORD/BasicConditionController: evaluateTriggerStatus: isSatisfied=false (conditionId=wifi_rssi_v3(id=211, uuid=846244, routineId=155))
12-16 04:18:58.869  7950  8253 I Routine@Core[4.9.04.13]: COORD/ConditionProgressCallback: doTriggerOff: routineState=READY (routineId=155(uuid=565253, name=Seamless connection)[READY]) (conditionId=wifi_rssi_v3(id=211, uuid=846244, routineId=155))
12-16 04:18:58.875  7950  8253 I Routine@Core[4.9.04.13]: COORD/RoutineCommandHandlerImpl: needEndRunning: routineState=READY (routineId=155(uuid=565253, name=Seamless connection)[READY])
12-16 04:18:58.875  7950  8253 W Routine@Core[4.9.04.13]: COORD/RoutineCommandHandlerImpl: needEndRunning: not handled status. routineState=READY
12-16 04:18:58.876  7950 13292 I Routine@Core[4.9.04.13]: COORD/CoordinatorRequestHandler: onCallReceive: released! method=condition_state_changed
12-16 04:18:58.876  7950 13292 I Routine@Core[4.9.04.13]: ProcessUtils: setProcessImportant: needForeground=false, reason=ENGINE_COORDINATOR
12-16 04:18:58.876  7950 13292 I Routine@Core[4.9.04.13]: ProcessUtils: setProcessImportant: skip... still in use with important reason=PRELOAD_CONDITION_SERVICE
12-16 04:18:58.876  7950  7950 I Routine@Core[4.9.04.13]: RoutineEngineService: onConditionStateChanged.onComplete: tag=wifi_rssi_v3
12-16 04:18:58.876  7950  7950 I Routine@Core[4.9.04.13]: RoutineEngineService: onStartCommand.onConditionStateChanged: result=true
12-16 04:18:58.877  7950  7950 I Routine@Core[4.9.04.13]: RoutineEngineService: onDestroy
12-16 04:18:58.931  2486  3555 W BitmapFactory: Null Options, creating a new one.
12-16 04:18:58.932  1701  1887 I CompositionEngine: [setDisplaySize] size=(571, 51)
12-16 04:18:58.933  2486  3555 I Kumiho-Kumiho: getPackageName: app.autocat.debug
12-16 04:18:58.936  2486  3555 I Kumiho-Kumiho: getPackageName: app.autocat.debug
12-16 04:18:58.936  2486  3555 I AppIconSolution: getThemeIconWithBG called with public API, pkg = null, mode = 528
12-16 04:18:58.937  2486  3555 I AppIconSolution: Just return a stored icon at ArchiveState, pkg = null
12-16 04:18:59.037  1559 15074 I HYPER-HAL: [RequestManager.cpp]releaseLocked(): Released ID : 3143799
12-16 04:18:59.052  1551 15216 I sensors-hal: handle_sns_std_sensor_event:311, [SSC_LIGHT] P: 0(0),m:7,c:0,b:31,c0:0,l:0,f(r):100,u(bl):100,j:0
12-16 04:18:59.083  1671  1714 E HeatmapThread: ECT Thread time in milliseconds: 1765880339
12-16 04:18:59.083  1671  1714 D HeatmapThread: !@ batteryplugType : 0
12-16 04:18:59.083  1671  1714 D HeatmapThread: !@ batteryLevel : 0  batteryTemperature : 0 
12-16 04:18:59.083  1671  1714 D HeatmapThread: !@ Heatmap currtime: 29431338
12-16 04:18:59.083  1671  1714 D HeatmapThread: !@ Heatmap prevtime: 29431327
12-16 04:18:59.083  1671  1714 D HeatmapThread: !@ Heatmap plugstarttime: 35791394
12-16 04:18:59.083  1671  1714 D HeatmapThread: !@ Heatmap prevv_dsoh_update_time: 29430877
12-16 04:18:59.084  1671  1714 E HeatmapThread: !@Could not open '/efs/FactoryApp/bsoh', errno = 13
12-16 04:18:59.084  1671  1714 E HeatmapThread: !@ CAM Could not access BSOH EFS
12-16 04:18:59.084  1671  1714 E HeatmapThread: !@ CAM New BSOH: 0
12-16 04:18:59.094  1701  1887 I CompositionEngine: [setDisplaySize] size=(571, 51)
12-16 04:18:59.194  1701  1887 I CompositionEngine: [setDisplaySize] size=(571, 51)
12-16 04:18:59.208  2486  4603 W BitmapFactory: Null Options, creating a new one.
12-16 04:18:59.209  2486  4603 I Kumiho-Kumiho: getPackageName: app.autocat.debug
12-16 04:18:59.215  2486  4603 I Kumiho-Kumiho: getPackageName: app.autocat.debug
12-16 04:18:59.216  2486  4603 I AppIconSolution: getThemeIconWithBG called with public API, pkg = null, mode = 528
12-16 04:18:59.216  2486  4603 I AppIconSolution: Just return a stored icon at ArchiveState, pkg = null
12-16 04:18:59.276  2486  3015 D InputReader: Btn_touch(7): value=1 when=27177.576052
12-16 04:18:59.276  2486  3015 I InputReader: Touch event's action is 0x0 (id=7, t=0) [pCnt=1, s=0.17026 ] when=27177.576052
12-16 04:18:59.280  2486  3014 I InputDispatcher: Delivering touch to (4002): action: 0x4, f=0x0, d=0, '5c15412', t=1 
12-16 04:18:59.280  2486  3014 I InputDispatcher: Delivering touch to (4002): action: 0x0, f=0x0, d=0, '9d9a4c5', t=1 +(-69,-1079)
12-16 04:18:59.280  4002  4002 I VRI[LogAccessDialogActivity]@e61c66d: ViewPostIme pointer 0
12-16 04:18:59.280  4002  4002 I VRI[LogAccessDialogActivity]@e61c66d: call setFrameRateCategory for touch hint category=high hint, reason=touch, vri=VRI[LogAccessDialogActivity]@e61c66d
12-16 04:18:59.281  2486  3014 D PowerManagerService: [api] userActivityFromNative : touch displayId=0 eventTime=27177576
12-16 04:18:59.281  2486  3014 D PowerManagerService: UserActivityStateListenerState: 1
12-16 04:18:59.283  4289  4289 I HoneySpace.GestureInputHandler: inputConsumers = [com.honeyspace.gesture.inputconsumer.InputConsumer$Companion$NO_OP$1@c0450ed]
12-16 04:18:59.284  4289  4289 I HoneySpace.InputSession: inputConsumers = NO_OP
12-16 04:18:59.286  4289  4289 I HoneySpace.InputSession: open
12-16 04:18:59.286  6331  6331 I SemDvfsHyPerManager: acquire hyper - TABoost/6331@23, type = -999
12-16 04:18:59.286  1559  1588 I HYPER-HAL: [RequestManager.cpp]acquire(): Acquired ID : 20189858  [6331 / 23]    HINT :      list : [TABoost / 1] [TIMEOUT / 1500] 
12-16 04:18:59.287  2486  2567 I GestureDetector: obtain mCurrentDownEvent. id: 883072426 caller: com.android.server.wm.SystemGesturesPointerEventListener.onPointerEvent:17 com.android.server.wm.PointerEventDispatcher.onInputEvent:51 android.view.InputEventReceiver.dispatchInputEvent:392 
12-16 04:18:59.287  2486  2567 I GestureDetector: obtain mCurrentDownEvent. id: 883072426 caller: com.android.server.wm.SystemPerformancePointerEventListener.onPointerEvent:13 com.android.server.wm.PointerEventDispatcher.onInputEvent:51 android.view.InputEventReceiver.dispatchInputEvent:392 
12-16 04:18:59.289  1701  1701 I SurfaceFlinger: [com.android.systemui/com.android.systemui.logcat.LogAccessDialogActivity$_4002#21464] setFrameRateCategory: HighHint
12-16 04:18:59.295  1701  1887 I CompositionEngine: [setDisplaySize] size=(571, 51)
12-16 04:18:59.305  2486  2567 I GestureDetector: obtain mCurrentMotionEventRaw. action: 2 id: 760808666
12-16 04:18:59.305  2486  2567 I GestureDetector: obtain mCurrentMotionEventRaw. action: 2 id: 760808666
12-16 04:18:59.367  2486  3015 D InputReader: Btn_touch(7): value=0 when=27177.666754
12-16 04:18:59.367  2486  3015 I InputReader: Touch event's action is 0x1 (id=7, t=0) [pCnt=1, s=] when=27177.666754
12-16 04:18:59.367  2486  3014 I InputDispatcher: Delivering touch to (4002): action: 0x1, f=0x0, d=0, '9d9a4c5', t=1 +(-69,-1079)
12-16 04:18:59.368  4002  4002 I VRI[LogAccessDialogActivity]@e61c66d: ViewPostIme pointer 1
12-16 04:18:59.369  4002  4002 I WindowManager: WindowManagerGlobal#removeView, ty=2, view=com.android.internal.policy.DecorView{4f5fe84 V.E...... R....... 0,0-1301,2009}[LogAccessDialogActivity], caller=android.view.WindowManagerGlobal.removeView:654 android.view.WindowManagerImpl.removeViewImmediate:216 android.app.Dialog.dismissDialog:850 
12-16 04:18:59.369  4002  4002 W WindowOnBackDispatcher: sendCancelIfRunning: isInProgress=false callback=android.app.Dialog$$ExternalSyntheticLambda4@3df7987
12-16 04:18:59.374  2486  6263 D CoreBackPreview: Window{9d9a4c5 u0 com.android.systemui/com.android.systemui.logcat.LogAccessDialogActivity}: Setting back callback null
12-16 04:18:59.376  4002  4002 I VRI[LogAccessDialogActivity]@e61c66d: dispatchDetachedFromWindow
12-16 04:18:59.376  4289  4289 I HoneySpace.GestureInputHandler: reset
12-16 04:18:59.376  4289  4289 I HoneySpace.InputSession: close
12-16 04:18:59.377  2486  6263 D InputTransport: Input channel destroyed: '9d9a4c5', fd=1113
12-16 04:18:59.377  2486  6263 V WindowManager: Remove Window{9d9a4c5 u0 com.android.systemui/com.android.systemui.logcat.LogAccessDialogActivity}: mSurfaceControl=Surface(name=com.android.systemui/com.android.systemui.logcat.LogAccessDialogActivity$_4002)/@0xd5e5845 mAnimatingExit=false mRemoveOnExit=false mHasSurface=true surfaceShowing=true animating=false app-animation=false callers=com.android.server.wm.Session.remove:16 android.view.IWindowSession$Stub.onTransact:804 com.android.server.wm.Session.onTransact:1 android.os.Binder.execTransactInternal:1462 android.os.Binder.execTransact:1401 <bottom of call stack> 
12-16 04:18:59.379  2486  6263 I WindowManager: Reparenting to leash, surface=Surface(name=9d9a4c5 com.android.systemui/com.android.systemui.logcat.LogAccessDialogActivity)/@0x13d79ff, leashParent=Surface(name=ActivityRecord{14153815 u0 com.android.systemui/.logcat.LogAccessDialogActivity t14234})/@0xc92d3cc
12-16 04:18:59.380  1701  3293 I SurfaceFlinger: id=21470 createSurf, flag=24000, Surface(name=9d9a4c5 com.android.systemui/com.android.systemui.logcat.LogAccessDialogActivity)/@0x13d79ff - animation-leash of window_animation#21470
12-16 04:18:59.381  2486  6263 D WindowManager: makeSurface duration=2 leash=Surface(name=Surface(name=9d9a4c5 com.android.systemui/com.android.systemui.logcat.LogAccessDialogActivity)/@0x13d79ff - animation-leash of window_animation)/@0x651cccb
12-16 04:18:59.386  2486  6263 D WindowManager: Changing focus from Window{9d9a4c5 u0 com.android.systemui/com.android.systemui.logcat.LogAccessDialogActivity EXITING} to Window{29b8588 u0 com.android.systemui/com.android.systemui.logcat.LogAccessDialogActivity} displayId=0 Callers=com.android.server.wm.WindowState.removeIfPossible:602 com.android.server.wm.Session.remove:16 android.view.IWindowSession$Stub.onTransact:804 com.android.server.wm.Session.onTransact:1 
12-16 04:18:59.387  2486  6263 I WindowManager: Cancelling animation restarting=true, leash=Surface(name=Surface(name=126abfa StatusBar)/@0x5f2169c - animation-leash of insets_animation)/@0x8e95417
12-16 04:18:59.387  2486  6263 I WindowManager: Reparenting to original parent: Surface(name=WindowToken{441fe25 type=2000 android.os.BinderProxy@4a98f8f})/@0x39f58a5, destroy=false, surface=Surface(name=126abfa StatusBar)/@0x5f2169c
12-16 04:18:59.387  2486  6263 I WindowManager: Reparenting to leash, surface=Surface(name=126abfa StatusBar)/@0x5f2169c, leashParent=Surface(name=WindowToken{441fe25 type=2000 android.os.BinderProxy@4a98f8f})/@0x39f58a5
12-16 04:18:59.388  1701  4250 I SurfaceFlinger: id=21471 createSurf, flag=24000, Surface(name=126abfa StatusBar)/@0x5f2169c - animation-leash of insets_animation#21471
12-16 04:18:59.389  1701  1701 I SurfaceFlinger: [Surface(name=9d9a4c5 com.android.systemui/com.android.systemui.logcat.LogAccessDialogActivity)/@0x13d79ff - animation-leash of window_animation#21470] attach to parent LayerHierarchy{RequestedLayerState{ActivityRecord{14153815 u0 com.android.systemui/.logcat.LogAccessDialogActivity t14234}#21459 parentId=21458} 4 children}
12-16 04:18:59.389  1701  1701 I SurfaceFlinger: [Surface(name=126abfa StatusBar)/@0x5f2169c - animation-leash of insets_animation#21471] attach to parent LayerHierarchy{RequestedLayerState{WindowToken{441fe25 type=2000 android.os.BinderProxy@4a98f8f}#98 parentId=17} 2 children}
12-16 04:18:59.389  2486  6263 D WindowManager: makeSurface duration=2 leash=Surface(name=Surface(name=126abfa StatusBar)/@0x5f2169c - animation-leash of insets_animation)/@0xf1133c1
12-16 04:18:59.390  2486  6263 D InsetsSourceProvider: updateControlForTarget: control=InsetsSourceControl: {4b350000 mType=statusBars initiallyVisible mSurfacePosition=Point(0, 0) mInsetsHint=Insets{left=0, top=100, right=0, bottom=0}}, target=Window{29b8588 u0 com.android.systemui/com.android.systemui.logcat.LogAccessDialogActivity}, from=com.android.server.wm.InsetsStateController.onControlTargetChanged:83 com.android.server.wm.InsetsPolicy.updateBarControlTarget:212 com.android.server.wm.DisplayPolicy.updateSystemBarAttributes:262 com.android.server.wm.WindowManagerService.updateFocusedWindowLocked:372 com.android.server.wm.WindowState.removeIfPossible:602 
12-16 04:18:59.390  2486  6263 I WindowManager: Cancelling animation restarting=true, leash=Surface(name=Surface(name=5c15412 NavigationBar0)/@0xdf4b42b - animation-leash of insets_animation)/@0x9251ab3
12-16 04:18:59.390  2486  6263 I WindowManager: Reparenting to original parent: Surface(name=WindowToken{6ec579d type=2019 android.os.BinderProxy@bc23e47})/@0x4580088, destroy=false, surface=Surface(name=5c15412 NavigationBar0)/@0xdf4b42b
12-16 04:18:59.390  2486  6263 I WindowManager: Reparenting to leash, surface=Surface(name=5c15412 NavigationBar0)/@0xdf4b42b, leashParent=Surface(name=WindowToken{6ec579d type=2019 android.os.BinderProxy@bc23e47})/@0x4580088
12-16 04:18:59.390  1701  4250 I SurfaceFlinger: id=21472 createSurf, flag=24000, Surface(name=5c15412 NavigationBar0)/@0xdf4b42b - animation-leash of insets_animation#21472
12-16 04:18:59.391  2486  6263 D WindowManager: makeSurface duration=1 leash=Surface(name=Surface(name=5c15412 NavigationBar0)/@0xdf4b42b - animation-leash of insets_animation)/@0xd2e6aa7
12-16 04:18:59.392  2486  6263 D InsetsSourceProvider: updateControlForTarget: control=InsetsSourceControl: {1fab0001 mType=navigationBars initiallyVisible mSurfacePosition=Point(0, 2924) mInsetsHint=Insets{left=0, top=0, right=0, bottom=0}}, target=Window{29b8588 u0 com.android.systemui/com.android.systemui.logcat.LogAccessDialogActivity}, from=com.android.server.wm.InsetsStateController.onControlTargetChanged:83 com.android.server.wm.InsetsPolicy.updateBarControlTarget:225 com.android.server.wm.DisplayPolicy.updateSystemBarAttributes:262 com.android.server.wm.WindowManagerService.updateFocusedWindowLocked:372 com.android.server.wm.WindowState.removeIfPossible:602 
12-16 04:18:59.393  2486  6263 V SystemKeyManager: updateFocusedWindow() is called, com.android.systemui/com.android.systemui.logcat.LogAccessDialogActivity
12-16 04:18:59.394  2486  6263 D SurfaceComposerClient: setCornerRadius ## 29b8588 com.android.systemui/com.android.systemui.logcat.LogAccessDialogActivity#21463 cornerRadius=0.000000
12-16 04:18:59.394  2486  6263 D SurfaceComposerClient: setCornerRadius ## 78f597c com.termux/com.termux.app.TermuxActivity#16899 cornerRadius=0.000000
12-16 04:18:59.397  1701  1887 I CompositionEngine: [setDisplaySize] size=(571, 51)
12-16 04:18:59.397  2486  6263 D SurfaceComposerClient: setCornerRadius ## 29b8588 com.android.systemui/com.android.systemui.logcat.LogAccessDialogActivity#21463 cornerRadius=0.000000
12-16 04:18:59.398  2486  6263 D SurfaceComposerClient: setCornerRadius ## 78f597c com.termux/com.termux.app.TermuxActivity#16899 cornerRadius=0.000000
12-16 04:18:59.399  4002  4002 D InputTransport: Input channel destroyed: '9d9a4c5', fd=565
12-16 04:18:59.400  2486  3922 D InputDispatcher: Focus left window (0): 9d9a4c5 com.android.systemui/com.android.systemui.logcat.LogAccessDialogActivity
12-16 04:18:59.401  2486  2570 D SurfaceComposerClient: setCornerRadius ## 29b8588 com.android.systemui/com.android.systemui.logcat.LogAccessDialogActivity#21463 cornerRadius=0.000000
12-16 04:18:59.401  2486  2570 D SurfaceComposerClient: setCornerRadius ## 78f597c com.termux/com.termux.app.TermuxActivity#16899 cornerRadius=0.000000
12-16 04:18:59.406  2486  5642 D WindowManager: Transition is created, t=TransitionRecord{56c7b54 id=-1 type=CLOSE flags=0x0}, caller=com.android.server.wm.Transition.<init>:182 com.android.server.wm.TransitionController.createTransition:17 com.android.server.wm.TransitionController.requestCloseTransitionIfNeeded:73 com.android.server.wm.ActivityRecord.finishIfPossible:38 com.android.server.wm.ActivityClientController.finishActivity:268 
12-16 04:18:59.407  2486  5642 D BLASTSyncEngine: SyncGroup is created, id=1282, name=Transition-CLOSE, caller=com.android.server.wm.BLASTSyncEngine$SyncGroup.<init>:52 com.android.server.wm.TransitionController.moveToCollecting:79 com.android.server.wm.TransitionController.createTransition:46 com.android.server.wm.TransitionController.requestCloseTransitionIfNeeded:73 com.android.server.wm.ActivityRecord.finishIfPossible:38 com.android.server.wm.ActivityClientController.finishActivity:268 android.app.IActivityClientController$Stub.onTransact:840 
12-16 04:18:59.407  2486  5642 W BLASTSyncEngine: setSyncMethod, id=1282, method=0, caller=com.android.server.wm.TransitionController.moveToCollecting:91 com.android.server.wm.TransitionController.createTransition:46 com.android.server.wm.TransitionController.requestCloseTransitionIfNeeded:73 
12-16 04:18:59.407  2486  5642 V WindowManager: Start collecting in Transition: TransitionRecord{56c7b54 id=1282 type=CLOSE flags=0x0}, caller=com.android.server.wm.TransitionController.createTransition:46 com.android.server.wm.TransitionController.requestCloseTransitionIfNeeded:73 com.android.server.wm.ActivityRecord.finishIfPossible:38 com.android.server.wm.ActivityClientController.finishActivity:268 android.app.IActivityClientController$Stub.onTransact:840 
12-16 04:18:59.407  2486  5642 V WindowManager: Requesting StartTransition: TransitionRecord{56c7b54 id=1282 type=CLOSE flags=0x0}, caller=com.android.server.wm.TransitionController.requestCloseTransitionIfNeeded:81 com.android.server.wm.ActivityRecord.finishIfPossible:38 com.android.server.wm.ActivityClientController.finishActivity:268 android.app.IActivityClientController$Stub.onTransact:840 com.android.server.wm.ActivityClientController.onTransact:1 
12-16 04:18:59.408  2486  5642 V WindowManager: Collecting in transition 1282: Task{c91a162 #14234 type=standard A=10039:com.android.systemui}, caller=com.android.server.wm.Transition.collectExistenceChange:40 com.android.server.wm.Transition.collectClose:7 com.android.server.wm.ActivityRecord.finishIfPossible:50 com.android.server.wm.ActivityClientController.finishActivity:268 android.app.IActivityClientController$Stub.onTransact:840 
12-16 04:18:59.408  2486  5642 D WindowManager: prepareSync <SYNC_STATE_WAITING_FOR_DRAW>, mPrepareSyncSeqId=0, win=Window{9d9a4c5 u0 com.android.systemui/com.android.systemui.logcat.LogAccessDialogActivity EXITING}
12-16 04:18:59.408  2486  5642 D WindowManager: prepareSync <SYNC_STATE_WAITING_FOR_DRAW>, mPrepareSyncSeqId=0, win=Window{29b8588 u0 com.android.systemui/com.android.systemui.logcat.LogAccessDialogActivity}
12-16 04:18:59.409  4002  4074 V WindowManagerShell: Transition requested (#1282): android.os.BinderProxy@ffa282d TransitionRequestInfo { type = CLOSE, triggerTask = TaskInfo{userId=0 taskId=14234 effectiveUid=10039 displayId=0 isRunning=false baseIntent=Intent { flg=0x10800000 cmp=com.android.systemui/.logcat.LogAccessDialogActivity } baseActivity=null topActivity=null origActivity=null realActivity=ComponentInfo{com.android.systemui/com.android.systemui.logcat.LogAccessDialogActivity} numActivities=0 lastActiveTime=27755634 supportsMultiWindow=true resizeMode=1 isResizeable=true minWidth=-1 minHeight=-1 maxWidth=-1 maxHeight=-1 defaultMinSize=220 desktopDefaultMinSize=304 token=WCT{android.window.IWindowContainerToken$Stub$Proxy@58f0162} topActivityType=1 pictureInPictureParams=null shouldDockBigOverlays=false launchIntoPipHostTaskId=-1 lastParentTaskIdBeforePip=-1 displayCutoutSafeInsets=Rect(0, 0 - 0, 0) topActivityInfo=null launchCookies=[] positionInParent=Point(0, 0) parentTaskId=-1 isFocused=true isVisible=true isVisibleRequested=true isTopActivityNoDisplay=false isSleeping=false locusId=null displayAreaFeatureId=1 isTopActivityTransparent=false isActivityStackTransparent=true lastNonFullscreenBounds=Rect(108, 822 - 1332, 2366) capturedLink=null capturedLinkTimestamp=0 requestedVisibleTypes=-9 topActivityRequestOpenInBrowserEducationTimestamp=0 appCompatTaskInfo=AppCompatTaskInfo { topActivityInSizeCompat=false eligibleForLetterboxEducation= false isLetterboxEducationEnabled= false isLetterboxDoubleTapEnabled= false eligibleForUserAspectRatioButton= false topActivityBoundsLetterboxed= false isFromLetterboxDoubleTap= false topActivityLetterboxVerticalPosition= -1 topActivityLetterboxHorizontalPosition= -1 topActivityLetterboxWidth=-1 topActivityLetterboxHeight=-1 topActivityAppBounds=Rect(0, 0 - 0, 0) isUserFullscreenOverrideEnabled=false isSystemFullscreenOverrideEnabled=false hasMinAspectRatioOverride=false topActivityLetterboxBounds=null cameraCompatTaskInfo=CameraCompatTaskInfo { freeformCameraCompatMode=undefined} topActivityBounds=null topActivityInDisplayCompat=false singleTapFromLetterbox=false} topActivityMainWindowFrame=null originallySupportedMultiWindow=true hasWallpaper=false rootAffinity=10039:com.android.systemui isTopTaskInStage=false CoverLauncherWidgetTask=false LaunchedFromAppsCoverLauncherTask=false LaunchedFromMultistarCoverLauncherTask=false isAllowedSeamlessRotation=false isTopTransparentActivity=true isAliasManaged=false hasConfigChanged=false snappingGuideBounds=null isAiKeyRemoveAppTask=false lastDesktopWindowingBounds=null lastExternalDesktopWindowingBounds=null safeCutoutInsets=null}, pipChange = null, remoteTransition = null, displayChange = null, flags = 0, debugId = 1282 }
12-16 04:18:59.410  4002  4074 V ShellDesktopMode: DesktopTasksController: isDesktopModeShowing: hasVisibleTasks=false hasTopTransparentFullscreenTask=false
12-16 04:18:59.410  2486  5642 D ActivityTaskManager: scheduleTopResumedActivityChanged, onTop=false, r=ActivityRecord{14153815 u0 com.android.systemui/.logcat.LogAccessDialogActivity t14234 f}}, caller=com.android.server.wm.ActivityTaskSupervisor.scheduleTopResumedActivityStateLossIfNeeded:19 com.android.server.wm.ActivityTaskSupervisor.updateTopResumedActivityIfNeeded:20 com.android.server.wm.TaskDisplayArea.positionChildAt:252 com.android.server.wm.Task.moveToFront:40 com.android.server.wm.Task.adjustFocusToNextFocusableTask:133 com.android.server.wm.ActivityRecord.finishIfPossible:71 
12-16 04:18:59.410  4002  4074 V ShellDesktopMode: DesktopTasksController: isDesktopModeShowing: hasVisibleTasks=false hasTopTransparentFullscreenTask=false
12-16 04:18:59.410  4002  4074 D ShellDesktopMode: handleRequest: TransitionRequestInfo {type=2, tid=14234, debugId=1282}
12-16 04:18:59.410  2486  5642 V WindowManager: Collecting in transition 1282: ActivityRecord{14153815 u0 com.android.systemui/.logcat.LogAccessDialogActivity t14234 f}}, caller=com.android.server.wm.TransitionController.collect:7 com.android.server.wm.ActivityRecord.setVisibility:132 com.android.server.wm.ActivityRecord.finishIfPossible:87 com.android.server.wm.ActivityClientController.finishActivity:268 android.app.IActivityClientController$Stub.onTransact:840 
12-16 04:18:59.410  4002  4074 V ShellDesktopMode: DesktopTasksController: skipping handleRequest reason=transition type not handled (2)
12-16 04:18:59.415  2486  5642 D SurfaceComposerClient: setCornerRadius ## 78f597c com.termux/com.termux.app.TermuxActivity#16899 cornerRadius=0.000000
12-16 04:18:59.417  2486  5098 I SemDvfsHyPerManager: acquire hyper - AMS_ACT_RESUME/2486@29, type = -999
12-16 04:18:59.418  2486  5098 D ActivityManagerPerformance: AMP_acquire() ACT_RESUME
12-16 04:18:59.418  1559  1588 I HYPER-HAL: [RequestManager.cpp]acquire(): Acquired ID : 3163899  [2486 / 29]    HINT : AMS_ACT_RESUME    list : 
12-16 04:18:59.418  2486  5098 D SGM:FgCheckThread: TaskStackListener.onTaskFocusChanged(), taskId=14234, focused=false
12-16 04:18:59.418  2486  5098 D SGM:FgCheckThread: TaskStackListener.onTaskFocusChanged(), taskId=14194, focused=true
