12-16 04:18:58.141 13322 13322 I ImeFocusController: onPostWindowFocus: skipped hasWindowFocus=false mHasImeFocus=true
12-16 04:18:58.145  2486  3163 D BackgroundInstallControlService: Package event received: 0
12-16 04:18:58.145  4002  4002 I VRI[LogAccessDialogActivity]@2aa5625: setView = com.android.internal.policy.DecorView@cc085c6 IsHRR=false mFlingFrameRateChange=0 TM=true
12-16 04:18:58.145  4002  4002 D DisplayLifecycle: updateDisplay id = 0
12-16 04:18:58.145  4002  4002 I {OngoingActivityController}: onTaskFocusChanged but OA data is empty
12-16 04:18:58.145  4002  4116 D HWUI    : HWUI - treat SMPTE_170M as sRGB
12-16 04:18:58.146  2486  2622 D AnalyticsContainerHandler: handleMessage : { when=-1ms what=1 target=com.android.server.knox.KnoxAnalyticsContainer$AnalyticsHandler }
12-16 04:18:58.146  2486  2622 D AnalyticsContainerHandler: handleMessage : { when=0 what=2 target=com.android.server.knox.KnoxAnalyticsContainer$AnalyticsHandler }
12-16 04:18:58.147  2486  5098 D CoreBackPreview: Window{9d9a4c5 u0 com.android.systemui/com.android.systemui.logcat.LogAccessDialogActivity}: Setting back callback OnBackInvokedCallbackInfo{mCallback=android.window.IOnBackInvokedCallback$Stub$Proxy@8717107, mPriority=-1, mIsAnimationCallback=false, mOverrideBehavior=0}
12-16 04:18:58.152  2486  5098 I WindowManager: Relayout Window{9d9a4c5 u0 com.android.systemui/com.android.systemui.logcat.LogAccessDialogActivity}: viewVisibility=0 req=1301x2009 ty=2 d0
12-16 04:18:58.152  1701  3293 I SurfaceFlinger: id=21464 createSurf, flag=44004, com.android.systemui/com.android.systemui.logcat.LogAccessDialogActivity$_4002#21464
12-16 04:18:58.153  2486  5098 D WindowManager: makeSurface duration=1 name=com.android.systemui/com.android.systemui.logcat.LogAccessDialogActivity$_4002
12-16 04:18:58.153  2486  5098 D SurfaceComposerClient: setCornerRadius ## 29b8588 com.android.systemui/com.android.systemui.logcat.LogAccessDialogActivity#21463 cornerRadius=0.000000
12-16 04:18:58.153  2486  5098 D SurfaceComposerClient: setCornerRadius ## 78f597c com.termux/com.termux.app.TermuxActivity#16899 cornerRadius=0.000000
12-16 04:18:58.154  2486  5098 D SurfaceComposerClient: setCornerRadius ## 29b8588 com.android.systemui/com.android.systemui.logcat.LogAccessDialogActivity#21463 cornerRadius=0.000000
12-16 04:18:58.154  2486  5098 D SurfaceComposerClient: setCornerRadius ## 78f597c com.termux/com.termux.app.TermuxActivity#16899 cornerRadius=0.000000
12-16 04:18:58.154  2486  5098 D BLASTSyncEngine: SyncGroup 1281:  Unfinished container: Task{c91a162 #14234 type=standard A=10039:com.android.systemui} mSyncState=2
12-16 04:18:58.155  2486  5098 I WindowManager: Relayout hash=9d9a4c5, pid=4002, syncId=-1: mAttrs={(0,0)(wrapxwrap) gr=BOTTOM CENTER_VERTICAL sim={adjust=pan forwardNavigation} ty=APPLICATION fmt=TRANSLUCENT wanim=0x1030309 surfaceInsets=Rect(54, 54 - 54, 54) (manual) (!preservePreviousSurfaceInsets)
12-16 04:18:58.155  2486  5098 I WindowManager:   fl=1820002
12-16 04:18:58.155  2486  5098 I WindowManager:   pfl=40080880
12-16 04:18:58.155  2486  5098 I WindowManager:   bhv=1
12-16 04:18:58.155  2486  5098 I WindowManager:   fitTypes=207
12-16 04:18:58.155  2486  5098 I WindowManager:   frameRateBoostOnTouch=true
12-16 04:18:58.155  2486  5098 I WindowManager:   dvrrWindowFrameRateHint=true
12-16 04:18:58.155  2486  5098 I WindowManager:  dimAmount=0.65 dimDuration=150 naviIconColor=0}
12-16 04:18:58.155  1701  1701 I SurfaceFlinger: [com.android.systemui/com.android.systemui.logcat.LogAccessDialogActivity$_4002#21464] attach to parent LayerHierarchy{RequestedLayerState{9d9a4c5 com.android.systemui/com.android.systemui.logcat.LogAccessDialogActivity#21460 parentId=21459} 1 children}
12-16 04:18:58.155  4002  4002 I InsetsSourceConsumer: applyRequestedVisibilityToControl: visible=true, type=statusBars, host=com.android.systemui/com.android.systemui.logcat.LogAccessDialogActivity
12-16 04:18:58.156  4002  4002 I InsetsSourceConsumer: applyRequestedVisibilityToControl: visible=true, type=navigationBars, host=com.android.systemui/com.android.systemui.logcat.LogAccessDialogActivity
12-16 04:18:58.157  4002  4002 W libc    : Access denied finding property "vendor.display.enable_optimal_refresh_rate"
12-16 04:18:58.157  4002  4002 I BufferQueueProducer: [](id:fa20000035b,api:0,p:0,c:4002) setDequeueTimeout:2077252342
12-16 04:18:58.157  4002  4002 I BLASTBufferQueue_Java: new BLASTBufferQueue, mName= VRI[LogAccessDialogActivity]@e61c66d mNativeObject= 0xb4000075ab991f30 caller= android.view.ViewRootImpl.updateBlastSurfaceIfNeeded:3585 android.view.ViewRootImpl.relayoutWindow:11685 android.view.ViewRootImpl.performTraversals:4804 android.view.ViewRootImpl.doTraversal:3924 android.view.ViewRootImpl$TraversalRunnable.run:12903 android.view.Choreographer$CallbackRecord.run:1901 android.view.Choreographer$CallbackRecord.run:1910 android.view.Choreographer.doCallbacks:1367 android.view.Choreographer.doFrame:1292 android.view.Choreographer$FrameDisplayEventReceiver.run:1870 
12-16 04:18:58.157  4002  4002 I BLASTBufferQueue_Java: update, w= 1409 h= 2117 mName = VRI[LogAccessDialogActivity]@e61c66d mNativeObject= 0xb4000075ab991f30 sc.mNativeObject= 0xb40000753aef2190 format= -3 caller= android.view.ViewRootImpl.updateBlastSurfaceIfNeeded:3590 android.view.ViewRootImpl.relayoutWindow:11685 android.view.ViewRootImpl.performTraversals:4804 android.view.ViewRootImpl.doTraversal:3924 android.view.ViewRootImpl$TraversalRunnable.run:12903 android.view.Choreographer$CallbackRecord.run:1901 
12-16 04:18:58.157  4002  4002 W libc    : Access denied finding property "vendor.display.enable_optimal_refresh_rate"
12-16 04:18:58.158  4002  4002 I VRI[LogAccessDialogActivity]@e61c66d: Relayout returned: old=(0,100,1440,3088) new=(69,1079,1370,3088) relayoutAsync=false req=(1301,2009)0 dur=4 res=0x3 s={true 0xb40000757b5ecbb0} ch=true seqId=0
12-16 04:18:58.158  4002  4002 I VRI[LogAccessDialogActivity]@e61c66d: performConfigurationChange setNightDimText nightDimLevel=0
12-16 04:18:58.159  4002  4002 D VRI[LogAccessDialogActivity]@e61c66d: mThreadedRenderer.initialize() mSurface={isValid=true 0xb40000757b5ecbb0} hwInitialized=true
12-16 04:18:58.160  4002  4002 D ScrollView:  onsize change changed 
12-16 04:18:58.161  4002  4002 D VRI[LogAccessDialogActivity]@e61c66d: reportNextDraw android.view.ViewRootImpl.performTraversals:5443 android.view.ViewRootImpl.doTraversal:3924 android.view.ViewRootImpl$TraversalRunnable.run:12903 android.view.Choreographer$CallbackRecord.run:1901 android.view.Choreographer$CallbackRecord.run:1910 
12-16 04:18:58.161  4002  4002 D VRI[LogAccessDialogActivity]@e61c66d: Setup new sync=wmsSync-VRI[LogAccessDialogActivity]@e61c66d#79
12-16 04:18:58.161  4002  4002 I VRI[LogAccessDialogActivity]@e61c66d: Creating new active sync group VRI[LogAccessDialogActivity]@e61c66d#80
12-16 04:18:58.162  2486  4702 D ActivityManager: unpendingScheduleServiceRestart: u=10714, drop=false
12-16 04:18:58.162  2486  4702 D ActivityManager: unpendingScheduleServiceRestart: u=10714, drop=false
12-16 04:18:58.162  4002  4002 D VRI[LogAccessDialogActivity]@e61c66d: registerCallbacksForSync syncBuffer=false
12-16 04:18:58.165  4002  4114 D VRI[LogAccessDialogActivity]@e61c66d: Received frameDrawingCallback syncResult=0 frameNum=1.
12-16 04:18:58.165  4002  4114 I VRI[LogAccessDialogActivity]@e61c66d: mWNT: t=0xb40000758b256850 mBlastBufferQueue=0xb4000075ab991f30 fn= 1 HdrRenderState mRenderHdrSdrRatio=1.0 caller= android.view.ViewRootImpl$12.onFrameDraw:15441 android.view.ThreadedRenderer$1.onFrameDraw:718 <bottom of call stack> 
12-16 04:18:58.165  4002  4114 I VRI[LogAccessDialogActivity]@e61c66d: Setting up sync and frameCommitCallback
12-16 04:18:58.168  1701  3293 I SurfaceFlinger: id=21440 Removed Surface(name=126abfa StatusBar)/@0x5f2169c - animation-leash of insets_animation#21440 (263)
12-16 04:18:58.168  1701  4250 I SurfaceFlinger: id=21456 Removed Surface(name=5c15412 NavigationBar0)/@0xdf4b42b - animation-leash of insets_animation#21456 (263)
12-16 04:18:58.172  1701  1701 I SurfaceFlinger: destroyed Surface(name=5c15412 NavigationBar0)/@0xdf4b42b - animation-leash of insets_animation#21456 form LifecycleManager
12-16 04:18:58.172  1701  1701 I SurfaceFlinger: destroyed Surface(name=126abfa StatusBar)/@0x5f2169c - animation-leash of insets_animation#21440 form LifecycleManager
12-16 04:18:58.172  1701  1701 I SurfaceFlinger: id=21456 onLayerDestroyed from LayerHierarchyBuilder(RequestedLayerState{Surface(name=5c15412 NavigationBar0)/@0xdf4b42b - animation-leash of insets_animation#21456 !handle})
12-16 04:18:58.172  1701  1701 I SurfaceFlinger: id=21440 onLayerDestroyed from LayerHierarchyBuilder(RequestedLayerState{Surface(name=126abfa StatusBar)/@0x5f2169c - animation-leash of insets_animation#21440 !handle})
12-16 04:18:58.175  1701  1701 I Layer   : id=21456 Destroyed Surface(name=5c15412 NavigationBar0)/@0xdf4b42b - animation-leash of insets_animation#21456
12-16 04:18:58.175  1701  1701 I Layer   : id=21440 Destroyed Surface(name=126abfa StatusBar)/@0x5f2169c - animation-leash of insets_animation#21440
12-16 04:18:58.176  4002  4116 I BLASTBufferQueue: [VRI[LogAccessDialogActivity]@e61c66d#801](f:0,a:0,s:0) onFrameAvailable the first frame is available
12-16 04:18:58.177  4002  4116 I SurfaceComposerClient: apply transaction with the first frame. layerId: 21464, bufferData(ID: 17188459126038, frameNumber: 1)
12-16 04:18:58.178  1701  4250 I SurfaceFlinger: [com.android.systemui/com.android.systemui.logcat.LogAccessDialogActivity$_4002#21464] setTransactionState with the first frame. bufferData(ID: 17188459126038, frameNumber: 1)
12-16 04:18:58.178  4002  4116 I VRI[LogAccessDialogActivity]@e61c66d: Received frameCommittedCallback lastAttemptedDrawFrameNum=1 didProduceBuffer=true
12-16 04:18:58.178  4002  4116 D HWUI    : CFMS:: SetUp Pid : 4002    Tid : 4116
12-16 04:18:58.178  1701  1901 D SurfaceFlinger: [input] setFocusedWindow: 9d9a4c5 com.android.systemui/com.android.systemui.logcat.LogAccessDialogActivity
12-16 04:18:58.179  4002  4002 D VRI[LogAccessDialogActivity]@e61c66d: reportDrawFinished seqId=0
12-16 04:18:58.179  2486  3599 D InputDispatcher: Once focus requested (0): 9d9a4c5 com.android.systemui/com.android.systemui.logcat.LogAccessDialogActivity
12-16 04:18:58.179  2486  3599 D InputDispatcher: Focus request (0): 9d9a4c5 com.android.systemui/com.android.systemui.logcat.LogAccessDialogActivity but waiting because NO_WINDOW
12-16 04:18:58.179  2486  3555 D WindowManager: finishDrawingWindow: Window{9d9a4c5 u0 com.android.systemui/com.android.systemui.logcat.LogAccessDialogActivity} mDrawState=DRAW_PENDING seqId=0
12-16 04:18:58.180  2486  2570 D SurfaceComposerClient: setCornerRadius ## 78f597c com.termux/com.termux.app.TermuxActivity#16899 cornerRadius=0.000000
12-16 04:18:58.180  2486  2570 D SurfaceComposerClient: setCornerRadius ## 29b8588 com.android.systemui/com.android.systemui.logcat.LogAccessDialogActivity#21463 cornerRadius=0.000000
12-16 04:18:58.180  2486  2570 D SurfaceComposerClient: setCornerRadius ## 78f597c com.termux/com.termux.app.TermuxActivity#16899 cornerRadius=0.000000
12-16 04:18:58.181  2486  2570 D BLASTSyncEngine: SyncGroup 1281:  Unfinished container: Task{c91a162 #14234 type=standard A=10039:com.android.systemui} mSyncState=2
12-16 04:18:58.181  6331 16650 I SDHMS:k : onTaskStackChanged
12-16 04:18:58.181  2486  5099 D CoreBackPreview: Window{29b8588 u0 com.android.systemui/com.android.systemui.logcat.LogAccessDialogActivity}: Setting back callback OnBackInvokedCallbackInfo{mCallback=android.window.IOnBackInvokedCallback$Stub$Proxy@b277234, mPriority=-1, mIsAnimationCallback=false, mOverrideBehavior=0}
12-16 04:18:58.181  2486  3922 I WindowManager: Relayout Window{29b8588 u0 com.android.systemui/com.android.systemui.logcat.LogAccessDialogActivity}: viewVisibility=0 req=1440x3088 ty=1 d0
12-16 04:18:58.182  4289 24934 I HoneySpace.RecentTasks: onRecentTasksChanged
12-16 04:18:58.182  1701  4250 I SurfaceFlinger: id=21465 createSurf, flag=44004, com.android.systemui/com.android.systemui.logcat.LogAccessDialogActivity$_4002#21465
12-16 04:18:58.182  2486  3922 D WindowManager: makeSurface duration=1 name=com.android.systemui/com.android.systemui.logcat.LogAccessDialogActivity$_4002
12-16 04:18:58.183  2486  3922 D SurfaceComposerClient: setCornerRadius ## 29b8588 com.android.systemui/com.android.systemui.logcat.LogAccessDialogActivity#21463 cornerRadius=0.000000
12-16 04:18:58.183  2486  3922 D SurfaceComposerClient: setCornerRadius ## 78f597c com.termux/com.termux.app.TermuxActivity#16899 cornerRadius=0.000000
12-16 04:18:58.183  2486  3922 D SurfaceComposerClient: setCornerRadius ## 29b8588 com.android.systemui/com.android.systemui.logcat.LogAccessDialogActivity#21463 cornerRadius=0.000000
12-16 04:18:58.183  2486  3922 D SurfaceComposerClient: setCornerRadius ## 78f597c com.termux/com.termux.app.TermuxActivity#16899 cornerRadius=0.000000
12-16 04:18:58.183  2486  3922 D BLASTSyncEngine: SyncGroup 1281:  Unfinished container: Task{c91a162 #14234 type=standard A=10039:com.android.systemui} mSyncState=2
12-16 04:18:58.184  2486  3922 I WindowManager: Relayout hash=29b8588, pid=4002, syncId=-1: mAttrs={(0,0)(fillxfill) sim={adjust=pan forwardNavigation} layoutInDisplayCutoutMode=always ty=BASE_APPLICATION fmt=TRANSPARENT wanim=0x1030000
12-16 04:18:58.184  2486  3922 I WindowManager:   fl=1810100
12-16 04:18:58.184  2486  3922 I WindowManager:   pfl=100088c0
12-16 04:18:58.184  2486  3922 I WindowManager:   bhv=1
12-16 04:18:58.184  2486  3922 I WindowManager:   fitSides=0
12-16 04:18:58.184  2486  3922 I WindowManager:   frameRateBoostOnTouch=true
12-16 04:18:58.184  2486  3922 I WindowManager:   dvrrWindowFrameRateHint=true naviIconColor=0}
12-16 04:18:58.185  4002  4002 I InsetsController: onStateChanged: host=com.android.systemui/com.android.systemui.logcat.LogAccessDialogActivity, from=android.view.ViewRootImpl.onInsetsStateChanged:3026, state=InsetsState: {mDisplayFrame=Rect(0, 0 - 1440, 3088), mDisplayCutout=DisplayCutout{insets=Rect(0, 100 - 0, 0) waterfall=Insets{left=0, top=0, right=0, bottom=0} boundingRect={Bounds=[Rect(0, 0 - 0, 0), Rect(683, 0 - 758, 100), Rect(0, 0 - 0, 0), Rect(0, 0 - 0, 0)]} cutoutPathParserInfo={CutoutPathParserInfo{displayWidth=1440 displayHeight=3088 physicalDisplayWidth=1440 physicalDisplayHeight=3088 density={3.75} cutoutSpec={M 0,0 H -10 V 26.66666666666667 H 10 V 0 H 0 Z @dp} rotation={0} scale={1.0} physicalPixelDisplaySizeRatio={1.0}}} sideOverrides={}}, mRoundedCorners=RoundedCorners{[RoundedCorner{position=TopLeft, radius=14, center=Point(14, 14)}, RoundedCorner{position=TopRight, radius=14, center=Point(1426, 14)}, RoundedCorner{position=BottomRight, radius=14, center=Point(1426, 3074)}, RoundedCorner{position=BottomLeft, radius=14, center=Point(14, 3074)}]}  mRoundedCornerFrame=Rect(0, 0 - 1440, 3088), mPrivacyIndicatorBounds=PrivacyIndicatorBounds {static bounds=Rect(1289, 0 - 1440, 100) rotation=0}, mDisplayShape=DisplayShape{ spec=-311912193 displayWidth=1440 displayHeight=3088 physicalPixelDisplaySizeRatio=1.0 rotation=0 offsetX=0 offsetY=0 scale=1.0}, mSources= { InsetsSource: {3 mType=ime mFrame=[0,0][0,0] mVisible=false mFlags= mSideHint=NONE mBoundingRects=null}, InsetsSource: {27 mType=displayCutout mFrame=[0,0][1440,100] mVisible=true mFlags= mSideHint=TOP mBoundingRects=null}, InsetsSource: {1fab0001 mType=navigationBars mFrame=[0,0][0,0] mVisible=true mFlags=SUPPRESS_SCRIM mSideHint=NONE mBoundingRects=null}, InsetsSource: {1fab0004 mType=systemGestures mFrame=[0,0][102,3088] mVisible=true mFlags= mSideHint=LEFT mBoundingRects=null}, InsetsSource: {1fab0005 mType=mandatorySystemGestures mFrame=[0,3003][1440,3088] mVisible=true mFlags= mSideHint=BOTTOM mBoundingRects=null}, InsetsSource: {1fab0006 mType=tappableElement mFrame=[0,0][0,0] mVisible=true mFlags= mSideHint=NONE mBoundingRects=null}, InsetsSource: {1fab0024 mType=systemGestures mFrame=[1338,0][1440,3088] mVisible=true mFlags= mSideHint=RIGHT mBoundingRects=null}, InsetsSource: {4b350000 mType=statusBars mFrame=[0,0][1440,100] mVisible=true mFlags= mSideHint=TOP mBoundingRects=null}, InsetsSource: {4b350005 mType=mandatorySystemGestures mFrame=[0,0][1440,141] mVisible=true mFlags= mSideHint=TOP mBoundingRects=null}, InsetsSource: {4b350006 mType=tappableElement mFrame=[0,0][1440,100] mVisible=true mFlags= mSideHint=TOP mBoundingRects=null} }
12-16 04:18:58.186  4002  4002 W libc    : Access denied finding property "vendor.display.enable_optimal_refresh_rate"
12-16 04:18:58.186  4002  4002 I BufferQueueProducer: [](id:fa20000035c,api:0,p:131072,c:4002) setDequeueTimeout:2077252342
12-16 04:18:58.186  4002  4002 I BLASTBufferQueue_Java: new BLASTBufferQueue, mName= VRI[LogAccessDialogActivity]@2aa5625 mNativeObject= 0xb4000075aba0f700 caller= android.view.ViewRootImpl.updateBlastSurfaceIfNeeded:3585 android.view.ViewRootImpl.relayoutWindow:11685 android.view.ViewRootImpl.performTraversals:4804 android.view.ViewRootImpl.doTraversal:3924 android.view.ViewRootImpl$TraversalRunnable.run:12903 android.view.Choreographer$CallbackRecord.run:1901 android.view.Choreographer$CallbackRecord.run:1910 android.view.Choreographer.doCallbacks:1367 android.view.Choreographer.doFrame:1292 android.view.Choreographer$FrameDisplayEventReceiver.run:1870 
12-16 04:18:58.186  4002  4002 I BLASTBufferQueue_Java: update, w= 1440 h= 3088 mName = VRI[LogAccessDialogActivity]@2aa5625 mNativeObject= 0xb4000075aba0f700 sc.mNativeObject= 0xb40000753af2c8d0 format= -2 caller= android.view.ViewRootImpl.updateBlastSurfaceIfNeeded:3590 android.view.ViewRootImpl.relayoutWindow:11685 android.view.ViewRootImpl.performTraversals:4804 android.view.ViewRootImpl.doTraversal:3924 android.view.ViewRootImpl$TraversalRunnable.run:12903 android.view.Choreographer$CallbackRecord.run:1901 
12-16 04:18:58.186  2486  5099 W ProcessCpusetController: Slowdown: pid 28948 is nonexistent
12-16 04:18:58.187  4002  4002 W libc    : Access denied finding property "vendor.display.enable_optimal_refresh_rate"
12-16 04:18:58.187  6331  6983 I SemDvfsHyPerManager: acquire hyper - BaseTABoost/6331@22, type = -999
12-16 04:18:58.187  4002  4002 I VRI[LogAccessDialogActivity]@2aa5625: Relayout returned: old=(0,0,1440,3088) new=(0,0,1440,3088) relayoutAsync=false req=(1440,3088)0 dur=5 res=0x3 s={true 0xb40000757b5eff30} ch=true seqId=0
12-16 04:18:58.187  4002  4002 I VRI[LogAccessDialogActivity]@2aa5625: performConfigurationChange setNightDimText nightDimLevel=0
12-16 04:18:58.187  1559  1588 I HYPER-HAL: [RequestManager.cpp]acquire(): Acquired ID : 20183503  [6331 / 22]    HINT :      list : [TABoost / 1] 
12-16 04:18:58.188  4002  4002 D VRI[LogAccessDialogActivity]@2aa5625: mThreadedRenderer.initialize() mSurface={isValid=true 0xb40000757b5eff30} hwInitialized=true
12-16 04:18:58.188  4002  4002 D VRI[LogAccessDialogActivity]@2aa5625: reportNextDraw android.view.ViewRootImpl.performTraversals:5443 android.view.ViewRootImpl.doTraversal:3924 android.view.ViewRootImpl$TraversalRunnable.run:12903 android.view.Choreographer$CallbackRecord.run:1901 android.view.Choreographer$CallbackRecord.run:1910 
12-16 04:18:58.188  4002  4002 D VRI[LogAccessDialogActivity]@2aa5625: Setup new sync=wmsSync-VRI[LogAccessDialogActivity]@2aa5625#81
12-16 04:18:58.188  4002  4002 I VRI[LogAccessDialogActivity]@2aa5625: Creating new active sync group VRI[LogAccessDialogActivity]@2aa5625#82
12-16 04:18:58.188  1701  1701 I SurfaceFlinger: [com.android.systemui/com.android.systemui.logcat.LogAccessDialogActivity$_4002#21465] attach to parent LayerHierarchy{RequestedLayerState{29b8588 com.android.systemui/com.android.systemui.logcat.LogAccessDialogActivity#21463 parentId=21459} 1 children}
12-16 04:18:58.189  4002  4002 D VRI[LogAccessDialogActivity]@2aa5625: registerCallbacksForSync syncBuffer=false
12-16 04:18:58.193  4002  4115 D VRI[LogAccessDialogActivity]@2aa5625: Received frameDrawingCallback syncResult=0 frameNum=1.
12-16 04:18:58.193  4002  4115 I VRI[LogAccessDialogActivity]@2aa5625: mWNT: t=0xb40000758b254a90 mBlastBufferQueue=0xb4000075aba0f700 fn= 1 HdrRenderState mRenderHdrSdrRatio=1.0 caller= android.view.ViewRootImpl$12.onFrameDraw:15441 android.view.ThreadedRenderer$1.onFrameDraw:718 <bottom of call stack> 
12-16 04:18:58.193  4002  4115 I VRI[LogAccessDialogActivity]@2aa5625: Setting up sync and frameCommitCallback
12-16 04:18:58.197  4002  4116 I BLASTBufferQueue: [VRI[LogAccessDialogActivity]@2aa5625#802](f:0,a:0,s:0) onFrameAvailable the first frame is available
12-16 04:18:58.198  4002  4116 I SurfaceComposerClient: apply transaction with the first frame. layerId: 21465, bufferData(ID: 17188459126039, frameNumber: 1)
12-16 04:18:58.198  4002  4116 I VRI[LogAccessDialogActivity]@2aa5625: Received frameCommittedCallback lastAttemptedDrawFrameNum=1 didProduceBuffer=true
12-16 04:18:58.198  1701  4250 I SurfaceFlinger: [com.android.systemui/com.android.systemui.logcat.LogAccessDialogActivity$_4002#21465] setTransactionState with the first frame. bufferData(ID: 17188459126039, frameNumber: 1)
12-16 04:18:58.199  4002  4116 D HWUI    : CFMS:: SetUp Pid : 4002    Tid : 4116
12-16 04:18:58.199  4002  4002 D VRI[LogAccessDialogActivity]@2aa5625: reportDrawFinished seqId=0
12-16 04:18:58.199  4002  4116 D HWUI    : HWUI - treat SMPTE_170M as sRGB
12-16 04:18:58.199  2486  3555 D WindowManager: finishDrawingWindow: Window{29b8588 u0 com.android.systemui/com.android.systemui.logcat.LogAccessDialogActivity} mDrawState=DRAW_PENDING seqId=0
12-16 04:18:58.200  2486  3599 W BitmapFactory: Null Options, creating a new one.
12-16 04:18:58.200  2486  2570 D SurfaceComposerClient: setCornerRadius ## 29b8588 com.android.systemui/com.android.systemui.logcat.LogAccessDialogActivity#21463 cornerRadius=0.000000
12-16 04:18:58.200  2486  2570 D SurfaceComposerClient: setCornerRadius ## 78f597c com.termux/com.termux.app.TermuxActivity#16899 cornerRadius=0.000000
12-16 04:18:58.200  2486  3599 I Kumiho-Kumiho: getPackageName: app.autocat.debug
12-16 04:18:58.201  2486  2570 D SurfaceComposerClient: setCornerRadius ## 29b8588 com.android.systemui/com.android.systemui.logcat.LogAccessDialogActivity#21463 cornerRadius=0.000000
12-16 04:18:58.201  2486  2570 D SurfaceComposerClient: setCornerRadius ## 78f597c com.termux/com.termux.app.TermuxActivity#16899 cornerRadius=0.000000
12-16 04:18:58.201  2486  2570 V WindowManager: SyncGroup 1281: Finished!
12-16 04:18:58.201  2486  2570 I SemDvfsHyPerManager: acquire hyper - AMS_RESUME_TAIL/2486@22, type = -999
12-16 04:18:58.202  2486  2570 I SemDvfsHyPerManager: acquire hyper - AMS_ACT_LAZY/2486@23, type = -999
12-16 04:18:58.202  2486  2570 D ActivityManagerPerformance: AMP_acquire() TAIL
12-16 04:18:58.202  1559  1588 I HYPER-HAL: [RequestManager.cpp]acquire(): Acquired ID : 3146308  [2486 / 22]    HINT : AMS_RESUME_TAIL    list : 
12-16 04:18:58.202  2486  2570 D ActivityManagerPerformance: AMP_release() APP_SWITCH
12-16 04:18:58.202  2486  3599 I Kumiho-Kumiho: getPackageName: app.autocat.debug
12-16 04:18:58.202  2486  3599 I AppIconSolution: getThemeIconWithBG called with public API, pkg = null, mode = 528
12-16 04:18:58.202  2486  3599 I AppIconSolution: Just return a stored icon at ArchiveState, pkg = null
12-16 04:18:58.203  1559  1588 I HYPER-HAL: [RequestManager.cpp]acquire(): Acquired ID : 3148818  [2486 / 23]    HINT : AMS_ACT_LAZY    list : 
12-16 04:18:58.203  2486  2570 I WindowManager: Reparenting to leash, surface=Surface(name=9d9a4c5 com.android.systemui/com.android.systemui.logcat.LogAccessDialogActivity)/@0x13d79ff, leashParent=Surface(name=ActivityRecord{14153815 u0 com.android.systemui/.logcat.LogAccessDialogActivity t14234})/@0xc92d3cc
12-16 04:18:58.204  1701  4250 I SurfaceFlinger: id=21466 createSurf, flag=24004, Surface(name=9d9a4c5 com.android.systemui/com.android.systemui.logcat.LogAccessDialogActivity)/@0x13d79ff - animation-leash of window_animation#21466
12-16 04:18:58.205  2486  2570 D WindowManager: makeSurface duration=2 leash=Surface(name=Surface(name=9d9a4c5 com.android.systemui/com.android.systemui.logcat.LogAccessDialogActivity)/@0x13d79ff - animation-leash of window_animation)/@0xe95ad2a
12-16 04:18:58.205  2486  2570 V WindowManager: performShowLocked: mDrawState=HAS_DRAWN in Window{9d9a4c5 u0 com.android.systemui/com.android.systemui.logcat.LogAccessDialogActivity}
12-16 04:18:58.206  1701  1701 I SurfaceFlinger: [LayerHierarchy{RequestedLayerState{ImeContainer#15 parentId=16898 relativeParentId=16898 z=1} 1 children}] RelativeParent to null
12-16 04:18:58.206  1701  1701 I SurfaceFlinger: [Surface(name=9d9a4c5 com.android.systemui/com.android.systemui.logcat.LogAccessDialogActivity)/@0x13d79ff - animation-leash of window_animation#21466] attach to parent LayerHierarchy{RequestedLayerState{ActivityRecord{14153815 u0 com.android.systemui/.logcat.LogAccessDialogActivity t14234}#21459 parentId=21458} 3 children}
12-16 04:18:58.206  2486  2570 V WindowManager: performShowLocked: mDrawState=HAS_DRAWN in Window{29b8588 u0 com.android.systemui/com.android.systemui.logcat.LogAccessDialogActivity}
12-16 04:18:58.206  2486  2570 D ChangeTransitionController: onTransactionReady: TransitionRecord{ce3482d id=1281 type=OPEN flags=0x0 c=[
12-16 04:18:58.206  2486  2570 D ChangeTransitionController:    ChangeInfo{6639b4f container=ActivityRecord{14153815 u0 com.android.systemui/.logcat.LogAccessDialogActivity t14234} flags=0x0}
12-16 04:18:58.206  2486  2570 D ChangeTransitionController:    ChangeInfo{fd562dc container=Display{#0 state=ON size=1440x3088 ROTATION_0} flags=0x0}
12-16 04:18:58.206  2486  2570 D ChangeTransitionController:    ChangeInfo{4224fe5 container=Task{c91a162 #14234 type=standard A=10039:com.android.systemui} flags=0x0}
12-16 04:18:58.206  2486  2570 D ChangeTransitionController:    ChangeInfo{711faba container=DefaultTaskDisplayArea_d0@267959883 flags=0x0}
12-16 04:18:58.206  2486  2570 D ChangeTransitionController: ]
12-16 04:18:58.206  2486  2570 D ChangeTransitionController: }
12-16 04:18:58.206  2486  2570 V WindowManager: Start calculating TransitionInfo based on participants: {ActivityRecord{14153815 u0 com.android.systemui/.logcat.LogAccessDialogActivity t14234}, Task{c91a162 #14234 type=standard A=10039:com.android.systemui}}
12-16 04:18:58.207  2486  2570 V WindowManager:   Final targets: [ChangeInfo{4224fe5 container=Task{c91a162 #14234 type=standard A=10039:com.android.systemui} flags=0x10}]
12-16 04:18:58.207  1701  4250 I SurfaceFlinger: id=21467 createSurf, flag=84004, Transition Root: Task=14234#21467
12-16 04:18:58.208  1559  1588 I HYPER-HAL: [RequestManager.cpp]releaseLocked(): Released ID : 3161383
12-16 04:18:58.210  2486  2570 I SurfaceControlRegistry: show, t=StartTransaction_SyncId<1281> sc=ActivityRecord{14153815 u0 com.android.systemui/.logcat.LogAccessDialogActivity t14234}, caller=android.view.SurfaceControl$Transaction.show:3557 com.android.server.wm.Transition.onTransactionReady:2048 com.android.server.wm.BLASTSyncEngine$SyncGroup.finishNow:240 com.android.server.wm.BLASTSyncEngine.onSurfacePlacement:263 com.android.server.wm.RootWindowContainer.performSurfacePlacementNoTrace:1083 com.android.server.wm.WindowSurfacePlacer.performSurfacePlacement:166 
12-16 04:18:58.210  2486  2570 D SurfaceComposerClient: setCornerRadius ## Task=14234#21458 cornerRadius=0.000000
12-16 04:18:58.210  2486  2570 V WindowManager: Calling onTransitionReady: {id=1281 t=OPEN f=0x0 trk=0 r=[0@Point(0, 0)] c=[
12-16 04:18:58.210  2486  2570 V WindowManager:         {WCT{RemoteToken{b218ed0 Task{c91a162 #14234 type=standard A=10039:com.android.systemui}}} m=OPEN f=TRANSLUCENT|EDGE_EXTENSION_RESTRICTION leash=Surface(name=Task=14234)/@0x382b782 sb=Rect(0, 0 - 1440, 3088) eb=Rect(0, 0 - 1440, 3088) epz=Point(1440, 3088) d=0 taskParent=-1 inset=Rect(0, 100 - 0, 0)}
12-16 04:18:58.210  2486  2570 V WindowManager:     ]}
12-16 04:18:58.212  2486  2570 D PowerManagerService: [api] setPowerBoost(L) boost:0, durationMs:0, caller (uid: 1000 pid: 2486) <- m() in com.android.server.display.DisplayManagerService$BinderService$$ExternalSyntheticOutline0:1
12-16 04:18:58.212  2486  2570 I ActivityTaskManager: done cause=notifyTransitionStarting drawn timestamp=27176512788797 info=TransitionInfo{62ee0ef a=ActivityRecord{14153815 u0 com.android.systemui/.logcat.LogAccessDialogActivity t14234} d=true}
12-16 04:18:58.213  4002  5144 V WindowManagerShell: onTransitionReady(transaction=10677288808608)
12-16 04:18:58.214  2486  2570 D SurfaceComposerClient: setCornerRadius ## 29b8588 com.android.systemui/com.android.systemui.logcat.LogAccessDialogActivity#21463 cornerRadius=0.000000
12-16 04:18:58.214  4002  4074 V WindowManagerShell: onTransitionReady (#1281) android.os.BinderProxy@1ed6306: {id=1281 t=OPEN f=0x0 trk=0 r=[0@Point(0, 0)] c=[
12-16 04:18:58.214  4002  4074 V WindowManagerShell:         {m=OPEN f=TRANSLUCENT|EDGE_EXTENSION_RESTRICTION leash=Surface(name=Task=14234)/@0x87490b9 sb=Rect(0, 0 - 1440, 3088) eb=Rect(0, 0 - 1440, 3088) epz=Point(1440, 3088) d=0 taskParent=-1 inset=Rect(0, 100 - 0, 0)}
12-16 04:18:58.214  4002  4074 V WindowManagerShell:     ]}
12-16 04:18:58.214  2486  2570 D SurfaceComposerClient: setCornerRadius ## 78f597c com.termux/com.termux.app.TermuxActivity#16899 cornerRadius=0.000000
12-16 04:18:58.215  4002  4074 V ShellDesktopMode: DesktopModeLogger: taskInfo map after processing changes 0
12-16 04:18:58.215  2486  2570 D SurfaceComposerClient: setCornerRadius ## 29b8588 com.android.systemui/com.android.systemui.logcat.LogAccessDialogActivity#21463 cornerRadius=0.000000
12-16 04:18:58.215  2486  2570 D SurfaceComposerClient: setCornerRadius ## 78f597c com.termux/com.termux.app.TermuxActivity#16899 cornerRadius=0.000000
12-16 04:18:58.215  4002  4074 D ShellDesktopMode: DesktopTaskChangeListener: onTaskOpening for taskId=14234, displayId=0
12-16 04:18:58.216  4002  4074 I SurfaceControlRegistry: show, t=StartTransaction_SyncId<1281> sc=Task=14234, caller=android.view.SurfaceControl$Transaction.show:3557 com.android.wm.shell.transition.Transitions.dispatchReady:1279 com.android.wm.shell.transition.Transitions.onTransitionReady:251 com.android.wm.shell.transition.Transitions$TransitionPlayerImpl$$ExternalSyntheticLambda0.run:13 android.os.Handler.handleCallback:995 android.os.Handler.dispatchMessage:103 
12-16 04:18:58.216  4002  4074 I SurfaceControlRegistry: show, t=FinishTransaction_SyncId<1281> sc=Task=14234, caller=android.view.SurfaceControl$Transaction.show:3557 com.android.wm.shell.transition.Transitions.dispatchReady:1330 com.android.wm.shell.transition.Transitions.onTransitionReady:251 com.android.wm.shell.transition.Transitions$TransitionPlayerImpl$$ExternalSyntheticLambda0.run:13 android.os.Handler.handleCallback:995 android.os.Handler.dispatchMessage:103 
12-16 04:18:58.216  4002  4074 V WindowManagerShell: Playing animation for (#1281) android.os.BinderProxy@1ed6306@0
12-16 04:18:58.216  4002  4074 I SurfaceControlRegistry: show, t=StartTransaction_SyncId<1281> sc=Transition Root: Task=14234, caller=android.view.SurfaceControl$Transaction.show:3557 com.android.wm.shell.transition.Transitions.playTransition:79 com.android.wm.shell.transition.Transitions.processReadyQueue:239 com.android.wm.shell.transition.Transitions.dispatchReady:1352 com.android.wm.shell.transition.Transitions.onTransitionReady:251 com.android.wm.shell.transition.Transitions$TransitionPlayerImpl$$ExternalSyntheticLambda0.run:13 
12-16 04:18:58.216  4002  4074 V ShellRecents: RecentsTransitionHandler.startAnimation: no controller found
12-16 04:18:58.216  4002  4074 V ShellDesktopMode: DesktopMixedTransitionHandler: No pending desktop transition
12-16 04:18:58.216  4002  4074 V WindowManagerShell: Transition doesn't have explicit remote, search filters for match for {id=1281 t=OPEN f=0x0 trk=0 r=[0@Point(0, 0)] c=[{m=OPEN f=TRANSLUCENT|EDGE_EXTENSION_RESTRICTION leash=Surface(name=Task=14234)/@0x87490b9 sb=Rect(0, 0 - 1440, 3088) eb=Rect(0, 0 - 1440, 3088) epz=Point(1440, 3088) d=0 taskParent=-1 inset=Rect(0, 100 - 0, 0)}]}
12-16 04:18:58.216  2486  4702 D ActivityManager: unpendingScheduleServiceRestart: u=11358, drop=false
12-16 04:18:58.216  4002  4074 V WindowManagerShell:  Delegate animation for (#1281) to null
12-16 04:18:58.217  4002  4074 V WindowManagerShell: start default transition animation, info = {id=1281 t=OPEN f=0x0 trk=0 r=[0@Point(0, 0)] c=[{m=OPEN f=TRANSLUCENT|EDGE_EXTENSION_RESTRICTION leash=Surface(name=Task=14234)/@0x87490b9 sb=Rect(0, 0 - 1440, 3088) eb=Rect(0, 0 - 1440, 3088) epz=Point(1440, 3088) d=0 taskParent=-1 inset=Rect(0, 100 - 0, 0)}]}
12-16 04:18:58.217  4002  4074 V WindowManagerShell: loadAnimation: anim=android.view.animation.AnimationSet@17e1b0a animAttr=0x4 type=OPEN isEntrance=true
12-16 04:18:58.217  4002  4074 V WindowManagerShell:    wallpaperTransit=WALLPAPER_NONE translucent=true
12-16 04:18:58.219  4002  4074 V WindowManagerShell:    change={m=OPEN f=TRANSLUCENT|EDGE_EXTENSION_RESTRICTION leash=Surface(name=Task=14234)/@0x87490b9 sb=Rect(0, 0 - 1440, 3088) eb=Rect(0, 0 - 1440, 3088) epz=Point(1440, 3088) d=0 taskParent=-1 inset=Rect(0, 100 - 0, 0)}
12-16 04:18:58.219  2486  4700 D FreecessController: UFZ : com.catalinagroup.callrecorder.helper(11358) [8226, 8718] reason: Binder(1)-android.accessibilityservice.IAccessibili
12-16 04:18:58.219  4002  4074 I SurfaceControlRegistry: apply, t=StartTransaction_SyncId<1281>, caller=android.view.SurfaceControl$Transaction.apply:3459 android.view.SurfaceControl$Transaction.apply:3447 android.view.SurfaceControl$Transaction.apply:3397 com.android.wm.shell.transition.DefaultTransitionHandler.startAnimation:3387 com.android.wm.shell.transition.Transitions.dispatchTransition:90 com.android.wm.shell.transition.Transitions.playTransition:774 
12-16 04:18:58.220  1701  1802 I SurfaceFlinger: id=21468 createSurf, flag=84000, 3e96f44 ActivityRecordInputSink com.android.systemui/.logcat.LogAccessDialogActivity#21468
12-16 04:18:58.222  4002  4074 V WindowManagerShell:  animated by com.android.wm.shell.transition.DefaultTransitionHandler@f8bdea2
12-16 04:18:58.222  1701  1701 I SurfaceFlinger: RequestedLayer [29b8588 com.android.systemui/com.and[...]logcat.LogAccessDialogActivity#21463] hidden!! flag  from(1) --> to(0)
12-16 04:18:58.222  1701  1701 I SurfaceFlinger: RequestedLayer [9d9a4c5 com.android.systemui/com.and[...]logcat.LogAccessDialogActivity#21460] hidden!! flag  from(1) --> to(0)
12-16 04:18:58.222  1701  1701 I SurfaceFlinger: RequestedLayer [com.android.systemui/com.android.sys[...].LogAccessDialogActivity$_4002#21464] hidden!! flag  from(1) --> to(0)
12-16 04:18:58.222  1701  1701 I SurfaceFlinger: RequestedLayer [Surface(name=9d9a4c5 com.android.sys[...]tion-leash of window_animation#21466] hidden!! flag  from(1) --> to(0)
12-16 04:18:58.222  1701  1701 E SurfaceFlinger: alpha changed 1.000 -> 0.000 - Surface(name=9d9a4c5 com.android.systemui/com.android.systemui.logcat.LogAccessDialogActivity)/@0x13d79ff - animation-leash of window_animation#21466
12-16 04:18:58.222  1701  1802 I SurfaceFlinger: id=21469 createSurf, flag=20004, Dim Layer for - Task=14234#21469
12-16 04:18:58.222  1701  1701 I SurfaceFlinger: RequestedLayer [com.android.systemui/com.android.sys[...].LogAccessDialogActivity$_4002#21465] hidden!! flag  from(1) --> to(0)
12-16 04:18:58.222  1701  1701 I SurfaceFlinger: RequestedLayer [Task=14234#21458] hidden!! flag  from(1) --> to(0)
12-16 04:18:58.222  1701  1701 E SurfaceFlinger: alpha changed 1.000 -> 0.000 - Task=14234#21458
12-16 04:18:58.222  1701  1701 I SurfaceFlinger: RequestedLayer [Transition Root: Task=14234#21467] hidden!! flag  from(1) --> to(0)
12-16 04:18:58.222  1701  1701 I SurfaceFlinger: RequestedLayer [ActivityRecord{14153815 u0 com.andro[...]ogAccessDialogActivity t14234}#21459] hidden!! flag  from(1) --> to(0)
12-16 04:18:58.222  1701  1701 E SurfaceFlinger: alpha changed 0.000 -> 0.000 - Task=14234#21458
12-16 04:18:58.223  1701  1701 I SurfaceFlinger: [LayerHierarchy{RequestedLayerState{Task=14234#21458 parentId=21467 z=3} 1 children}] reparent to LayerHierarchy{RequestedLayerState{Transition Root: Task=14234#21467 parentId=10 z=25} 1 children}
12-16 04:18:58.223  1701  1701 I SurfaceFlinger: [LayerHierarchy{RequestedLayerState{9d9a4c5 com.android.systemui/com.android.systemui.logcat.LogAccessDialogActivity#21460 parentId=21466 z=1} 1 children}] reparent to LayerHierarchy{RequestedLayerState{Surface(name=9d9a4c5 com.android.systemui/com.android.systemui.logcat.LogAccessDialogActivity)/@0x13d79ff - animation-leash of window_animation#21466 parentId=21459 z=1} 1 children}
12-16 04:18:58.223  1701  1701 I SurfaceFlinger: [Transition Root: Task=14234#21467] attach to parent LayerHierarchy{RequestedLayerState{DefaultTaskDisplayArea_d0#10 parentId=9} 30 children}
12-16 04:18:58.223  1701  1701 I SurfaceFlinger: [3e96f44 ActivityRecordInputSink com.android.systemui/.logcat.LogAccessDialogActivity#21468] attach to parent LayerHierarchy{RequestedLayerState{ActivityRecord{14153815 u0 com.android.systemui/.logcat.LogAccessDialogActivity t14234}#21459 parentId=21458} 3 children}
12-16 04:18:58.225  4289  7316 I HoneySpace.RecentTasks: onRunningTaskAppeared
12-16 04:18:58.226  4289 24934 I HoneySpace.RecentTasks: onRecentTasksChanged
12-16 04:18:58.230  1701  1887 I CompositionEngine: [setDisplaySize] size=(571, 51)
12-16 04:18:58.230  2486  4890 D FreecessController: UFZ : com.tribalfs.gmh(10714) [9591] reason: Binder(1)-android.accessibilityservice.IAccessibili
12-16 04:18:58.234  2486  3163 D BackgroundInstallControlService: Package event received: 0
12-16 04:18:58.238  2486  4890 D FreecessController: BG freezed, skip OLAF unfreeze for (dev.imranr.obtainium, 11234)
12-16 04:18:58.238  1701  1701 I SurfaceFlinger: RequestedLayer [Dim Layer for - Task=14234#21469] hidden!! flag  from(1) --> to(0)
12-16 04:18:58.238  2486  4890 D FreecessController: BG freezed, skip OLAF unfreeze for (flar2.appdashboard, 12702)
12-16 04:18:58.238  1701  1701 E SurfaceFlinger: alpha changed 1.000 -> 0.000 - Dim Layer for - Task=14234#21469
12-16 04:18:58.239  1701  1701 I SurfaceFlinger: [Dim Layer for - Task=14234#21469] attach to parent LayerHierarchy{RequestedLayerState{Display 0 name="Built-in Screen"#49} 7 children}
12-16 04:18:58.239  2486  2571 D SurfaceComposerClient: [SEC_SF_EFFECTS] setBackgroundBlurRadius ## Dim Layer for - Task=14234#21469 backgroundBlurRadius=0
12-16 04:18:58.239  2486  2571 D SurfaceComposerClient: [SEC_SF_EFFECTS] setBackgroundBlurRadius ## Dim Layer for - Task=14234#21469 backgroundBlurRadius=0
12-16 04:18:58.240  2486  4890 D FreecessController: BG freezed, skip OLAF unfreeze for (com.snapchat.android, 12730)
12-16 04:18:58.240  2486  4890 D FreecessController: restrictJobsByOlaf: restrict=false, uid=-1
12-16 04:18:58.241  2486  4890 I PowerManagerService: [PWL] SetWakeLockEnableDisable uid = 11358 , disable= false
12-16 04:18:58.241  2486  4890 I PowerManagerService: [PWL] can not change uid =  11358
12-16 04:18:58.241  2486  4890 I PowerManagerService: [PWL] SetWakeLockEnableDisable uid = 10714 , disable= false
12-16 04:18:58.241  2486  4890 I PowerManagerService: [PWL] can not change uid =  10714
12-16 04:18:58.249  2486  2566 D [secipm]: mSecIpmManager report to nap
12-16 04:18:58.249  2486  2566 I PkgPredictorService-SecIpmManagerServiceImpl: reportToNAP uid:10039 com.android.systemui/com.android.systemui.logcat.LogAccessDialogActivity thisTime:189
12-16 04:18:58.249  2486  2566 D PkgPredictorService-SecIpmManagerServiceImpl: reportToNAP: mHeavyLaunchCounter is false
12-16 04:18:58.251  2486  4890 I NSLocationMonitor: getGPSUsingApps() called
12-16 04:18:58.251  2486  4670 D PkgPredictorService-SecIpmManagerServiceImpl: ACTION_FOREGROUND_FINISH_EVENT sCurForegroundApp :com.termux
12-16 04:18:58.252  4712  4748 I NSLocationManager_FLP: getGPSUsingApps, No change
12-16 04:18:58.252  2486  2566 I ActivityTaskManager: Displayed com.android.systemui/.logcat.LogAccessDialogActivity for user 0: +189ms
12-16 04:18:58.252  2486  2566 I Pageboost: Launch time gathered : pid 4002 com.android.systemui 189
12-16 04:18:58.252  4847  4847 E pageboostd: Received HALT command code 2
12-16 04:18:58.253  2486  2566 V WindowManager: Sent Transition (#1281) createdAt=12-16 04:18:58.000 via request=TransitionRequestInfo { type = OPEN, triggerTask = TaskInfo{userId=0 taskId=14234 effectiveUid=10039 displayId=0 isRunning=true baseIntent=Intent { flg=0x10800000 cmp=com.android.systemui/.logcat.LogAccessDialogActivity } baseActivity=ComponentInfo{com.android.systemui/com.android.systemui.logcat.LogAccessDialogActivity} topActivity=ComponentInfo{com.android.systemui/com.android.systemui.logcat.LogAccessDialogActivity} origActivity=null realActivity=ComponentInfo{com.android.systemui/com.android.systemui.logcat.LogAccessDialogActivity} numActivities=1 lastActiveTime=27755591 supportsMultiWindow=true resizeMode=1 isResizeable=true minWidth=-1 minHeight=-1 maxWidth=-1 maxHeight=-1 defaultMinSize=220 desktopDefaultMinSize=304 token=WCT{RemoteToken{b218ed0 Task{c91a162 #14234 type=standard A=10039:com.android.systemui}}} topActivityType=1 pictureInPictureParams=null shouldDockBigOverlays=false launchIntoPipHostTaskId=-1 lastParentTaskIdBeforePip=-1 displayCutoutSafeInsets=Rect(0, 100 - 0, 0) topActivityInfo=ActivityInfo{981472e com.android.systemui.logcat.LogAccessDialogActivity} launchCookies=[] positionInParent=Point(0, 0) parentTaskId=-1 isFocused=false isVisible=false isVisibleRequested=false isTopActivityNoDisplay=false isSleeping=false locusId=null displayAreaFeatureId=1 isTopActivityTransparent=true isActivityStackTransparent=true lastNonFullscreenBounds=Rect(108, 822 - 1332, 2366) capturedLink=null capturedLinkTimestamp=0 requestedVisibleTypes=-9 topActivityRequestOpenInBrowserEducationTimestamp=0 appCompatTaskInfo=AppCompatTaskInfo { topActivityInSizeCompat=false eligibleForLetterboxEducation= false isLetterboxEducationEnabled= false isLetterboxDoubleTapEnabled= false eligibleForUserAspectRatioButton= false topActivityBoundsLetterboxed= false isFromLetterboxDoubleTap= false topActivityLetterboxVerticalPosition= -1 topActivityLetterboxHorizontalPosition= -1 topActivityLetterboxWidth=-1 topActivityLetterboxHeight=-1 topActivityAppBounds=Rect(0, 0 - 1440, 3088) isUserFullscreenOverrideEnabled=false isSystemFullscreenOverrideEnabled=false hasMinAspectRatioOverride=false topActivityLetterboxBounds=null cameraCompatTaskInfo=CameraCompatTaskInfo { freeformCameraCompatMode=inactive} topActivityBounds=null topActivityInDisplayCompat=false singleTapFromLetterbox=false} topActivityMainWindowFrame=null originallySupportedMultiWindow=true hasWallpaper=false rootAffinity=10039:com.android.systemui isTopTaskInStage=false CoverLauncherWidgetTask=false LaunchedFromAppsCoverLauncherTask=false LaunchedFromMultistarCoverLauncherTask=false isAllowedSeamlessRotation=false isTopTransparentActivity=false isAliasManaged=false hasConfigChanged=false snappingGuideBounds=null isAiKeyRemoveAppTask=false lastDesktopWindowingBounds=null lastExternalDesktopWindowingBounds=null safeCutoutInsets=null}, pipChange = null, remoteTransition = null, displayChange = null, flags = 0, debugId = 1281 }
12-16 04:18:58.253  2486  2566 V WindowManager:     startWCT=WindowContainerTransaction { changes= {} hops= [] errorCallbackToken=null taskFragmentOrganizer=null }
12-16 04:18:58.253  2486  2566 V WindowManager:     info={id=1281 t=OPEN f=0x0 trk=0 r=[0@Point(0, 0)] c=[
12-16 04:18:58.253  2486  2566 V WindowManager:         {WCT{RemoteToken{b218ed0 Task{c91a162 #14234 type=standard A=10039:com.android.systemui}}} m=OPEN f=TRANSLUCENT|EDGE_EXTENSION_RESTRICTION leash=Surface(name=Task=14234)/@0x382b782 sb=Rect(0, 0 - 1440, 3088) eb=Rect(0, 0 - 1440, 3088) epz=Point(1440, 3088) d=0 taskParent=-1 inset=Rect(0, 100 - 0, 0)}
12-16 04:18:58.253  2486  2566 V WindowManager:     ]}
12-16 04:18:58.253  2486  2486 D OlafRestriction:  olaf state update: state=false
12-16 04:18:58.253  2486  2486 D OlafRestriction:  sending trigger onRestrictionStateChanged msg.
12-16 04:18:58.255  1701  1701 E SurfaceFlinger: alpha changed 0.000 -> 0.492 - Surface(name=9d9a4c5 com.android.systemui/com.android.systemui.logcat.LogAccessDialogActivity)/@0x13d79ff - animation-leash of window_animation#21466
12-16 04:18:58.255  1701  1701 E SurfaceFlinger: alpha changed 0.000 -> 0.259 - Task=14234#21458
12-16 04:18:58.256  3866  3880 V BtGatt.GattService: ***** CURRENT BLE ADVERTISING APPS *****
12-16 04:18:58.256  2486  2571 D SurfaceComposerClient: [SEC_SF_EFFECTS] setBackgroundBlurRadius ## Dim Layer for - Task=14234#21469 backgroundBlurRadius=0
12-16 04:18:58.257  3866 14585 V BtGatt.GattService: ***** CURRENT BLE CONNECTED APPS *****
12-16 04:18:58.257  3866  7655 V ScanController: ***** CURRENT BLE SCANNING APPS *****
12-16 04:18:58.257  3866  7655 V BtGatt.GattService: loggingList: com.google.uid.shared: 10246
12-16 04:18:58.258  3866  7655 V BtGatt.GattService: loggingList: android.uid.system: 1000
12-16 04:18:58.258  3866  7655 V BtGatt.GattService: loggingList: android.uid.bcmgr: 5006
12-16 04:18:58.258  3866  7655 V BtGatt.GattService: loggingList: com.samsung.android.mcfserver: 10110
12-16 04:18:58.263  1701  1701 D SurfaceFlinger: Display 4630947232161729154 HWC layers:
12-16 04:18:58.263  1701  1701 D SurfaceFlinger:        DEVICE |           57217554318479 | 00002102 | RGBA_8888    |    0.0    0.0 1440.0 3088.0 |    0    0 1440 3088 | com.termux/com.termux.app.TermuxActivity$_13322#21374 (1278)
12-16 04:18:58.263  1701  1701 D SurfaceFlinger:        DEVICE |           17188459126039 | 00002100 | RGBA_8888    |    0.0    0.0 1440.0 3088.0 |    0    0 1440 3088 | com.android.systemui/com.android.sys[...].LogAccessDialogActivity$_4002#21465 (1)
12-16 04:18:58.263  1701  1701 D SurfaceFlinger:        DEVICE |           17188459126038 | 00002100 | RGBA_8888    |    0.0    0.0 1409.0 1985.0 |   15 1103 1424 3088 | com.android.systemui/com.android.sys[...].LogAccessDialogActivity$_4002#21464 (1)
12-16 04:18:58.263  1701  1701 D SurfaceFlinger:        DEVICE |           17188459124892 | 00002100 | RGBA_8888    |    0.0    0.0 1440.0  100.0 |    0    0 1440  100 | StatusBar$_4002#108 (23386)
12-16 04:18:58.263  1701  1701 D SurfaceFlinger:        DEVICE |           18421114736498 | 00002100 | RGBA_8888    |    0.0    0.0   67.0  566.0 | 1373  522 1440 1088 | com.sec.android.app.launcher/com.sam[...]l.app.CocktailBarService$_4289#21363 (1)
12-16 04:18:58.263  1701  1701 D SurfaceFlinger:        DEVICE |           18421114735812 | 
12-16 04:18:58.263  1701  1701 D SurfaceFlinger: 00002100 | RGBA_8888    |    0.0    0.0 1440.0   69.0 |    0 3019 1440 3088 | SGestureOverlayWindow$_4289#16137 (7)
12-16 04:18:58.263  1701  1701 D SurfaceFlinger:        DEVICE |           17188459124886 | 00002100 | RGBA_8888    |    0.0    0.0 1440.0  164.0 |    0 2924 1440 3088 | NavigationBar0$_4002#104 (1262)
12-16 04:18:58.263  1701  1701 D SurfaceFlinger: 
12-16 04:18:58.264  2486  3599 D InputDispatcher: Focus entered window (0): 9d9a4c5 com.android.systemui/com.android.systemui.logcat.LogAccessDialogActivity
12-16 04:18:58.265  4002  4002 D VRI[LogAccessDialogActivity]@e61c66d: mThreadedRenderer.initializeIfNeeded()#2 mSurface={isValid=true 0xb40000757b5ecbb0}
12-16 04:18:58.266  4002  4002 I ImeFocusController: onPreWindowFocus: skipped hasWindowFocus=true mHasImeFocus=false
12-16 04:18:58.266  4002  4002 I ImeFocusController: onPostWindowFocus: skipped hasWindowFocus=true mHasImeFocus=false
12-16 04:18:58.267  2486  4890 D MARs:ActiveTrafficFilter: filter : com.tribalfs.gmh(0)
12-16 04:18:58.267  2486  4890 D FreecessHandler: freeze com.tribalfs.gmh(10714) result : 8
12-16 04:18:58.272  1701  1701 E SurfaceFlinger: alpha changed 0.000 -> 0.069 - Dim Layer for - Task=14234#21469
12-16 04:18:58.273  4002  4074 V WindowManagerShell: Transition animation finished (aborted=false), notifying core (#1281) android.os.BinderProxy@1ed6306@0
12-16 04:18:58.274  2486  2571 D SurfaceComposerClient: [SEC_SF_EFFECTS] setBackgroundBlurRadius ## Dim Layer for - Task=14234#21469 backgroundBlurRadius=0
12-16 04:18:58.274  4002  4074 I SurfaceControlRegistry: apply, t=FinishTransaction_SyncId<1281>, caller=android.view.SurfaceControl$Transaction.apply:3459 android.view.SurfaceControl$Transaction.apply:3447 android.view.SurfaceControl$Transaction.apply:3397 com.android.wm.shell.transition.Transitions.onFinish:315 com.android.wm.shell.transition.Transitions$$ExternalSyntheticLambda7.onTransitionFinished:12 com.android.wm.shell.transition.DefaultTransitionHandler$$ExternalSyntheticLambda2.run:36 
12-16 04:18:58.278  2486  2569 I DisplayDeviceRepository: Display device changed render timings: "Built-in Screen", renderFrameRate=60.000004, presentationDeadlineNanos=17666666, appVsyncOffsetNanos=16666666, frameRateOverrides=[{uid=1000 frameRateHz=60.000004}, {uid=10039 frameRateHz=60.000004}, {uid=10145 frameRateHz=60.000004}, {uid=12683 frameRateHz=60.000004}]
12-16 04:18:58.279  1701  1701 D SurfaceFlinger: Display 4630947232161729154 HWC layers:
12-16 04:18:58.279  1701  1701 D SurfaceFlinger:        DEVICE |           57217554318479 | 00002102 | RGBA_8888    |    0.0    0.0 1440.0 3088.0 |    0    0 1440 3088 | com.termux/com.termux.app.TermuxActivity$_13322#21374 (1278)
12-16 04:18:58.279  1701  1701 D SurfaceFlinger:        DEVICE |           17188459126039 | 00002100 | RGBA_8888    |    0.0    0.0 1440.0 3088.0 |    0    0 1440 3088 | com.android.systemui/com.android.sys[...].LogAccessDialogActivity$_4002#21465 (1)
12-16 04:18:58.279  1701  1701 D SurfaceFlinger:   SOLID_COLOR |                        0 | 00000000 | N/A          |    0.0    0.0    0.0    0.0 |    0    0 1440 3088 | Dim Layer for - Task=14234#21469 (0)
